2025-06-01 22:45:18,393 - INFO - Binding arguments
2025-06-01 22:45:18,396 - INFO - Starting the runner with arguments Args(communication='pipe', port=None, input_pipe='pipes/s2p-1761462810384539', output_pipe='pipes/p2s-1761462810384539', algorithm='dqn', _device='cpu', epsilon=0.0644, _clipping='10.0000', batch_size=117, _ddqn='false', lr=0.0167):
2025-06-01 22:45:19,899 - INFO - Starting runner
2025-06-01 22:45:25,395 - ERROR - Connection with remote closed
2025-06-01 22:45:25,398 - INFO - End of the program
2025-06-01 22:45:29,053 - INFO - Binding arguments
2025-06-01 22:45:29,055 - INFO - Starting the runner with arguments Args(communication='pipe', port=None, input_pipe='pipes/s2p-1761474459549960', output_pipe='pipes/p2s-1761474459549960', algorithm='dqn', _device='cpu', epsilon=0.0644, _clipping='10.0000', batch_size=117, _ddqn='false', lr=0.0167):
2025-06-01 22:45:31,550 - INFO - Starting runner
2025-06-01 22:45:37,007 - ERROR - Connection with remote closed
2025-06-01 22:45:37,009 - INFO - End of the program
2025-06-01 22:47:14,546 - INFO - Binding arguments
2025-06-01 22:47:14,549 - INFO - Starting the runner with arguments Args(communication='pipe', port=None, input_pipe='pipes/s2p-1761579904582019', output_pipe='pipes/p2s-1761579904582019', algorithm='dqn', _device='cpu', epsilon=0.0644, _clipping='10.0000', batch_size=117, _ddqn='false', lr=0.0167):
2025-06-01 22:47:16,989 - INFO - Starting runner
2025-06-01 22:47:22,472 - ERROR - Connection with remote closed
2025-06-01 22:47:22,474 - INFO - End of the program
2025-06-01 22:47:26,160 - INFO - Binding arguments
2025-06-01 22:47:26,162 - INFO - Starting the runner with arguments Args(communication='pipe', port=None, input_pipe='pipes/s2p-1761591538339946', output_pipe='pipes/p2s-1761591538339946', algorithm='dqn', _device='cpu', epsilon=0.0644, _clipping='10.0000', batch_size=117, _ddqn='false', lr=0.0167):
2025-06-01 22:47:28,623 - INFO - Starting runner
2025-06-01 22:47:34,100 - ERROR - Connection with remote closed
2025-06-01 22:47:34,102 - INFO - End of the program
2025-06-01 22:47:37,799 - INFO - Binding arguments
2025-06-01 22:47:37,801 - INFO - Starting the runner with arguments Args(communication='pipe', port=None, input_pipe='pipes/s2p-1761603157792934', output_pipe='pipes/p2s-1761603157792934', algorithm='dqn', _device='cpu', epsilon=0.0644, _clipping='10.0000', batch_size=117, _ddqn='false', lr=0.0167):
2025-06-01 22:47:40,244 - INFO - Starting runner
2025-06-01 22:47:45,738 - ERROR - Connection with remote closed
2025-06-01 22:47:45,741 - INFO - End of the program
2025-06-01 22:47:49,442 - INFO - Binding arguments
2025-06-01 22:47:49,444 - INFO - Starting the runner with arguments Args(communication='pipe', port=None, input_pipe='pipes/s2p-1761614791902230', output_pipe='pipes/p2s-1761614791902230', algorithm='dqn', _device='cpu', epsilon=0.0644, _clipping='10.0000', batch_size=117, _ddqn='false', lr=0.0167):
2025-06-01 22:47:51,877 - INFO - Starting runner
2025-06-01 22:47:57,379 - ERROR - Connection with remote closed
2025-06-01 22:47:57,381 - INFO - End of the program
2025-06-01 22:48:01,154 - INFO - Binding arguments
2025-06-01 22:48:01,156 - INFO - Starting the runner with arguments Args(communication='pipe', port=None, input_pipe='pipes/s2p-1761626458848859', output_pipe='pipes/p2s-1761626458848859', algorithm='dqn', _device='cpu', epsilon=0.0644, _clipping='10.0000', batch_size=117, _ddqn='false', lr=0.0167):
2025-06-01 22:48:03,545 - INFO - Starting runner
2025-06-01 22:48:09,133 - ERROR - Connection with remote closed
2025-06-01 22:48:09,136 - INFO - End of the program
2025-06-01 22:48:12,933 - INFO - Binding arguments
2025-06-01 22:48:12,935 - INFO - Starting the runner with arguments Args(communication='pipe', port=None, input_pipe='pipes/s2p-1761638274351103', output_pipe='pipes/p2s-1761638274351103', algorithm='dqn', _device='cpu', epsilon=0.0644, _clipping='10.0000', batch_size=117, _ddqn='false', lr=0.0167):
2025-06-01 22:48:15,363 - INFO - Starting runner
2025-06-01 22:48:20,855 - ERROR - Connection with remote closed
2025-06-01 22:48:20,857 - INFO - End of the program
2025-06-02 00:52:00,367 - INFO - Binding arguments
2025-06-02 00:52:00,367 - INFO - Binding arguments
2025-06-02 00:52:00,367 - INFO - Binding arguments
2025-06-02 00:52:00,368 - INFO - Binding arguments
2025-06-02 00:52:00,368 - INFO - Binding arguments
2025-06-02 00:52:00,368 - INFO - Binding arguments
2025-06-02 00:52:00,368 - INFO - Binding arguments
2025-06-02 00:52:00,368 - INFO - Binding arguments
2025-06-02 00:52:00,369 - INFO - Binding arguments
2025-06-02 00:52:00,369 - INFO - Binding arguments
2025-06-02 00:52:00,370 - INFO - Starting the runner with arguments Args(communication='pipe', port=None, input_pipe='pipes/s2p-1769060338234094', output_pipe='pipes/p2s-1769060338234094', algorithm='dqn', _device='cpu', epsilon=0.0644, _clipping='10.0000', batch_size=117, _ddqn='false', lr=0.0167):
2025-06-02 00:52:00,370 - INFO - Starting the runner with arguments Args(communication='pipe', port=None, input_pipe='pipes/s2p-1769060362890443', output_pipe='pipes/p2s-1769060362890443', algorithm='dqn', _device='cpu', epsilon=0.0644, _clipping='10.0000', batch_size=117, _ddqn='false', lr=0.0167):
2025-06-02 00:52:00,371 - INFO - Starting the runner with arguments Args(communication='pipe', port=None, input_pipe='pipes/s2p-1769060345582113', output_pipe='pipes/p2s-1769060345582113', algorithm='dqn', _device='cpu', epsilon=0.0644, _clipping='10.0000', batch_size=117, _ddqn='false', lr=0.0167):
2025-06-02 00:52:00,371 - INFO - Starting the runner with arguments Args(communication='pipe', port=None, input_pipe='pipes/s2p-1769060378904788', output_pipe='pipes/p2s-1769060378904788', algorithm='dqn', _device='cpu', epsilon=0.0644, _clipping='10.0000', batch_size=117, _ddqn='false', lr=0.0167):
2025-06-02 00:52:00,371 - INFO - Starting the runner with arguments Args(communication='pipe', port=None, input_pipe='pipes/s2p-1769060282214095', output_pipe='pipes/p2s-1769060282214095', algorithm='dqn', _device='cpu', epsilon=0.0644, _clipping='10.0000', batch_size=117, _ddqn='false', lr=0.0167):
2025-06-02 00:52:00,371 - INFO - Starting the runner with arguments Args(communication='pipe', port=None, input_pipe='pipes/s2p-1769060360181378', output_pipe='pipes/p2s-1769060360181378', algorithm='dqn', _device='cpu', epsilon=0.0644, _clipping='10.0000', batch_size=117, _ddqn='false', lr=0.0167):
2025-06-02 00:52:00,371 - INFO - Starting the runner with arguments Args(communication='pipe', port=None, input_pipe='pipes/s2p-1769060285428792', output_pipe='pipes/p2s-1769060285428792', algorithm='dqn', _device='cpu', epsilon=0.0644, _clipping='10.0000', batch_size=117, _ddqn='false', lr=0.0167):
2025-06-02 00:52:00,371 - INFO - Starting the runner with arguments Args(communication='pipe', port=None, input_pipe='pipes/s2p-1769060292330618', output_pipe='pipes/p2s-1769060292330618', algorithm='dqn', _device='cpu', epsilon=0.0644, _clipping='10.0000', batch_size=117, _ddqn='false', lr=0.0167):
2025-06-02 00:52:00,372 - INFO - Starting the runner with arguments Args(communication='pipe', port=None, input_pipe='pipes/s2p-1769060284110503', output_pipe='pipes/p2s-1769060284110503', algorithm='dqn', _device='cpu', epsilon=0.0644, _clipping='10.0000', batch_size=117, _ddqn='false', lr=0.0167):
2025-06-02 00:52:00,372 - INFO - Starting runner
2025-06-02 00:52:00,373 - INFO - Starting runner
2025-06-02 00:52:00,373 - INFO - Starting runner
2025-06-02 00:52:00,373 - INFO - Starting the runner with arguments Args(communication='pipe', port=None, input_pipe='pipes/s2p-1769060278071036', output_pipe='pipes/p2s-1769060278071036', algorithm='dqn', _device='cpu', epsilon=0.0644, _clipping='10.0000', batch_size=117, _ddqn='false', lr=0.0167):
2025-06-02 00:52:00,373 - INFO - Starting runner
2025-06-02 00:52:00,373 - INFO - Starting runner
2025-06-02 00:52:00,373 - INFO - Starting runner
2025-06-02 00:52:00,373 - INFO - Starting runner
2025-06-02 00:52:00,373 - INFO - Starting runner
2025-06-02 00:52:00,373 - INFO - Starting runner
2025-06-02 00:52:00,374 - INFO - Starting runner
