#------------------------------------------------------------------------------
# irace: An implementation in R of (Elitist) Iterated Racing
# Version: 4.2.0.b50b134
# Copyright (C) 2010-2025
# Manuel Lopez-Ibanez     <manuel.lopez-ibanez@manchester.ac.uk>
# Jeremie Dubois-Lacoste
# Leslie Perez Caceres    <leslie.perez.caceres@ulb.ac.be>
#
# This is free software, and you are welcome to redistribute it under certain
# conditions.  See the GNU General Public License for details. There is NO
# WARRANTY; not even for MERCHANTABILITY or FITNESS FOR A PARTICULAR PURPOSE.
#
# irace builds upon previous code from the race package:
#     race: Racing methods for the selection of the best
#     Copyright (C) 2003 Mauro Birattari
#------------------------------------------------------------------------------
# installed at: /gpfs/projects/shared/p_ariac_cetic/miniconda/envs/myr-env/lib/R/library/irace
# called with: --parallel 32 -s /gpfs/projects/shared/p_ariac_cetic/LearningForOptimizing/irace/scenario-csp-ucb-r2.txt --target-runner /gpfs/projects/shared/p_ariac_cetic/LearningForOptimizing/irace/target-runner-csp --train-instances-file /gpfs/projects/shared/p_ariac_cetic/LearningForOptimizing/examples/csp/trainingall.txt
# 2025-07-15 15:08:38 CEST: Reading parameter file '/gpfs/projects/shared/p_ariac_cetic/LearningForOptimizing/irace/parameters-ucb-r2.txt'.
# 2025-07-15 15:08:38 CEST: Read 1 configuration(s) from file '/gpfs/projects/shared/p_ariac_cetic/LearningForOptimizing/irace/defaults-ucb-r2.txt'
# 2025-07-15 15:08:38 CEST: Initialization
# Elitist race
# Elitist new instances: 1
# Elitist limit: 2
# nbIterations: 3
# minNbSurvival: 3
# nbParameters: 2
# seed: 1818775605
# confidence level: 0.95
# budget: 800
# mu: 5
# deterministic: FALSE

# 2025-07-15 15:08:38 CEST: Iteration 1 of 3
# experimentsUsed: 0
# remainingBudget: 800
# currentBudget: 266
# nbConfigurations: 44
# Markers:
     x No test is performed.
     c Configurations are discarded only due to capping.
     - The test is performed and some configurations are discarded.
     = The test is performed but no configuration is discarded.
     ! The test is performed and configurations could be discarded but elite configurations are preserved.
     . All alive configurations are elite and nothing is discarded.

+-+-----------+-----------+-----------+----------------+-----------+--------+-----+----+------+
| |   Instance|      Alive|       Best|       Mean best| Exp so far|  W time|  rho|KenW|  Qvar|
+-+-----------+-----------+-----------+----------------+-----------+--------+-----+----+------+
|x|          1|         44|         15|     10.29300000|         44|00:05:52|   NA|  NA|    NA|
|x|          2|         44|         39|     12.52350000|         88|00:05:09|-0.14|0.43|1.1520|
|x|          3|         44|         39|     108.3490000|        132|00:10:02|-0.07|0.29|0.7097|
|x|          4|         44|         39|     82.90000000|        176|00:00:26|-0.07|0.20|0.7912|
|=|          5|         44|         39|     126.3200000|        220|00:10:02|-0.05|0.16|0.6213|
|=|          6|         44|         39|     155.2666667|        264|00:10:02|-0.04|0.13|0.5119|
+-+-----------+-----------+-----------+----------------+-----------+--------+-----+----+------+
Best-so-far configuration:          39    mean value:      155.2666667
Description of the best-so-far configuration:
   .ID. bandit reward learningrate confidence .PARENT.
39   39    ucb     r2       0.9774     1.1716       NA

# 2025-07-15 15:50:14 CEST: Elite configurations (first number is the configuration ID; listed from best to worst according to the sum of ranks):
   bandit reward learningrate confidence
39    ucb     r2       0.9774     1.1716
12    ucb     r2       0.4931     2.5966
41    ucb     r2       0.2274     2.3716
# 2025-07-15 15:50:14 CEST: Iteration 2 of 3
# experimentsUsed: 264
# remainingBudget: 536
# currentBudget: 268
# nbConfigurations: 40
# Markers:
     x No test is performed.
     c Configurations are discarded only due to capping.
     - The test is performed and some configurations are discarded.
     = The test is performed but no configuration is discarded.
     ! The test is performed and configurations could be discarded but elite configurations are preserved.
     . All alive configurations are elite and nothing is discarded.

+-+-----------+-----------+-----------+----------------+-----------+--------+-----+----+------+
| |   Instance|      Alive|       Best|       Mean best| Exp so far|  W time|  rho|KenW|  Qvar|
+-+-----------+-----------+-----------+----------------+-----------+--------+-----+----+------+
|x|          7|         40|         68|     7.143000000|         40|00:05:12|   NA|  NA|    NA|
|x|          6|         40|         68|     153.5715000|         77|00:10:01|+0.00|0.50|0.4875|
|x|          1|         40|         76|     111.3850000|        114|00:05:28|+0.05|0.37|0.5715|
|x|          4|         40|         41|     87.31325000|        151|00:00:17|+0.08|0.31|0.6732|
|=|          2|         40|         41|     70.70640000|        188|00:05:04|+0.08|0.27|0.7203|
|=|          5|         40|         41|     108.9220000|        225|00:10:01|+0.07|0.22|0.6102|
|=|          3|         40|         41|     136.2188571|        262|00:10:02|+0.05|0.19|0.5287|
+-+-----------+-----------+-----------+----------------+-----------+--------+-----+----+------+
Best-so-far configuration:          41    mean value:      136.2188571
Description of the best-so-far configuration:
   .ID. bandit reward learningrate confidence .PARENT.
41   41    ucb     r2       0.2274     2.3716       NA

# 2025-07-15 16:36:23 CEST: Elite configurations (first number is the configuration ID; listed from best to worst according to the sum of ranks):
   bandit reward learningrate confidence
41    ucb     r2       0.2274     2.3716
46    ucb     r2       0.9554     1.6893
47    ucb     r2       0.9450     0.6600
# 2025-07-15 16:36:23 CEST: Iteration 3 of 3
# experimentsUsed: 526
# remainingBudget: 274
# currentBudget: 274
# nbConfigurations: 36
# Markers:
     x No test is performed.
     c Configurations are discarded only due to capping.
     - The test is performed and some configurations are discarded.
     = The test is performed but no configuration is discarded.
     ! The test is performed and configurations could be discarded but elite configurations are preserved.
     . All alive configurations are elite and nothing is discarded.

+-+-----------+-----------+-----------+----------------+-----------+--------+-----+----+------+
| |   Instance|      Alive|       Best|       Mean best| Exp so far|  W time|  rho|KenW|  Qvar|
+-+-----------+-----------+-----------+----------------+-----------+--------+-----+----+------+
|x|          8|         36|         41|     300.0000000|         36|00:10:02|   NA|  NA|    NA|
|x|          7|         36|         96|     153.9480000|         69|00:00:59|+0.00|0.50|0.4861|
|x|          4|         36|         41|     104.2470000|        102|00:00:15|+0.02|0.35|0.6677|
|x|          3|         36|         41|     153.1852500|        135|00:10:01|+0.01|0.26|0.4959|
|=|          5|         36|         41|     182.5482000|        168|00:10:01|+0.01|0.21|0.3947|
|=|          6|         36|         41|     202.1235000|        201|00:10:01|+0.01|0.17|0.3280|
|=|          2|         36|         46|     173.9492857|        234|00:05:01|-0.00|0.14|0.4258|
|=|          1|         36|         46|     157.2671250|        267|00:05:02|+0.00|0.13|0.4897|
+-+-----------+-----------+-----------+----------------+-----------+--------+-----+----+------+
Best-so-far configuration:          46    mean value:      157.2671250
Description of the best-so-far configuration:
   .ID. bandit reward learningrate confidence .PARENT.
46   46    ucb     r2       0.9554     1.6893       39

# 2025-07-15 17:27:50 CEST: Elite configurations (first number is the configuration ID; listed from best to worst according to the sum of ranks):
   bandit reward learningrate confidence
46    ucb     r2       0.9554     1.6893
41    ucb     r2       0.2274     2.3716
95    ucb     r2       0.9512     0.6448
# 2025-07-15 17:27:50 CEST: Stopped because there is not enough budget left to race more than the minimum (3).
# You may either increase the budget or set 'minNbSurvival' to a lower value.
# Iteration: 4
# nbIterations: 4
# experimentsUsed: 793
# timeUsed: 0
# remainingBudget: 7
# currentBudget: 7
# number of elites: 3
# nbConfigurations: 3
# Total CPU user time: 142303.5, CPU sys time: 580.974, Wall-clock time: 8351.26
# 2025-07-15 17:27:50 CEST: Starting post-selection:
# Configurations selected: 46, 41, 95, 47, 82, 83, 84.
# Pending instances: 0, 0, 0, 0, 0, 0, 0.
# 2025-07-15 17:27:50 CEST: seed: 1818775605
# Configurations: 7
# Available experiments: 7
# minSurvival: 1
# Markers:
     x No test is performed.
     c Configurations are discarded only due to capping.
     - The test is performed and some configurations are discarded.
     = The test is performed but no configuration is discarded.
     ! The test is performed and configurations could be discarded but elite configurations are preserved.
     . All alive configurations are elite and nothing is discarded.

+-+-----------+-----------+-----------+----------------+-----------+--------+-----+----+------+
| |   Instance|      Alive|       Best|       Mean best| Exp so far|  W time|  rho|KenW|  Qvar|
+-+-----------+-----------+-----------+----------------+-----------+--------+-----+----+------+
|.|          2|          7|         46|     2.029000000|          0|00:00:00|   NA|  NA|    NA|
|.|          5|          7|         46|     151.0145000|          0|00:00:00|+0.00|0.50|0.4286|
|.|          4|          7|         46|     103.0026667|          0|00:00:00|+0.31|0.54|0.4598|
|.|          1|          7|         46|     87.37500000|          0|00:00:00|+0.49|0.62|0.3943|
|.|          3|          7|         46|     129.9000000|          0|00:00:00|+0.37|0.49|0.3651|
|.|          6|          7|         46|     158.2500000|          0|00:00:00|+0.29|0.41|0.3291|
|.|          8|          7|         46|     178.5000000|          0|00:00:00|+0.24|0.35|0.2963|
|.|          7|          7|         46|     157.2671250|          0|00:00:00|+0.17|0.27|0.3706|
|-|          9|          4|         41|     139.3466667|          7|00:00:01|-0.04|0.08|0.4544|
+-+-----------+-----------+-----------+----------------+-----------+--------+-----+----+------+
Best configuration for the instances in this race: 41
Best-so-far configuration:          47    mean value:      137.6824444
Description of the best-so-far configuration:
   .ID. bandit reward learningrate confidence .PARENT.
47   47    ucb     r2        0.945       0.66       39

# 2025-07-15 17:27:51 CEST: Elite configurations (first number is the configuration ID; listed from best to worst according to the sum of ranks):
   bandit reward learningrate confidence
47    ucb     r2       0.9450     0.6600
41    ucb     r2       0.2274     2.3716
95    ucb     r2       0.9512     0.6448
# Total CPU user time: 142323.4, CPU sys time: 582.818, Wall-clock time: 8353.068
# Best configurations (first number is the configuration ID; listed from best to worst according to the sum of ranks):
   bandit reward learningrate confidence
47    ucb     r2       0.9450     0.6600
41    ucb     r2       0.2274     2.3716
95    ucb     r2       0.9512     0.6448
# Best configurations as commandlines (first number is the configuration ID; listed from best to worst according to the sum of ranks):
47 --bandit ucb --reward r2 -lr 0.945 -c 0.66
41 --bandit ucb --reward r2 -lr 0.2274 -c 2.3716
95 --bandit ucb --reward r2 -lr 0.9512 -c 0.6448


# Testing of elite configurations: 1 
# Testing iteration configurations: FALSE 
# 2025-07-15 17:27:51 CEST: No test instances, skip testing

Resources Used

Total Memory used                        - MEM              : 47GiB
Total CPU Time                           - CPU_Time         : 3-02:40:00
Execution Time                           - Wall_Time        : 02:20:00
total programme cpu time                 - Total_CPU        : 1-15:42:03
Total_CPU / CPU_Time  (%)                - ETA              : 53%
Number of alloc CPU                      - NCPUS            : 32
Number of Mobilized Resources per Job    - NCPUS_EQUIV_PJOB : 86
Mobilized Resources x Execution Time     - R_Wall_Time      : 8-08:40:00
CPU_Time / R_Wall_Time (%)               - ALPHA            : 37%
Energy (Joules)                                             : unknown

