#------------------------------------------------------------------------------
# irace: An implementation in R of (Elitist) Iterated Racing
# Version: 4.2.0.b50b134
# Copyright (C) 2010-2025
# Manuel Lopez-Ibanez     <manuel.lopez-ibanez@manchester.ac.uk>
# Jeremie Dubois-Lacoste
# Leslie Perez Caceres    <leslie.perez.caceres@ulb.ac.be>
#
# This is free software, and you are welcome to redistribute it under certain
# conditions.  See the GNU General Public License for details. There is NO
# WARRANTY; not even for MERCHANTABILITY or FITNESS FOR A PARTICULAR PURPOSE.
#
# irace builds upon previous code from the race package:
#     race: Racing methods for the selection of the best
#     Copyright (C) 2003 Mauro Birattari
#------------------------------------------------------------------------------
# installed at: /gpfs/projects/shared/p_ariac_cetic/miniconda/envs/myr-env/lib/R/library/irace
# called with: --parallel 32 -s /gpfs/projects/shared/p_ariac_cetic/LearningForOptimizing/irace/scenario-csp-ucb-r1.txt --target-runner /gpfs/projects/shared/p_ariac_cetic/LearningForOptimizing/irace/target-runner-csp --train-instances-file /gpfs/projects/shared/p_ariac_cetic/LearningForOptimizing/examples/csp/trainingall.txt
# 2025-07-11 11:55:10 CEST: Reading parameter file '/gpfs/projects/shared/p_ariac_cetic/LearningForOptimizing/irace/parameters-ucb-r1.txt'.
# 2025-07-11 11:55:11 CEST: Read 1 configuration(s) from file '/gpfs/projects/shared/p_ariac_cetic/LearningForOptimizing/irace/defaults-ucb-r1.txt'
# 2025-07-11 11:55:11 CEST: Initialization
# Elitist race
# Elitist new instances: 1
# Elitist limit: 2
# nbIterations: 4
# minNbSurvival: 4
# nbParameters: 5
# seed: 1855029202
# confidence level: 0.95
# budget: 800
# mu: 5
# deterministic: FALSE

# 2025-07-11 11:55:11 CEST: Iteration 1 of 4
# experimentsUsed: 0
# remainingBudget: 800
# currentBudget: 200
# nbConfigurations: 33
# Markers:
     x No test is performed.
     c Configurations are discarded only due to capping.
     - The test is performed and some configurations are discarded.
     = The test is performed but no configuration is discarded.
     ! The test is performed and configurations could be discarded but elite configurations are preserved.
     . All alive configurations are elite and nothing is discarded.

+-+-----------+-----------+-----------+----------------+-----------+--------+-----+----+------+
| |   Instance|      Alive|       Best|       Mean best| Exp so far|  W time|  rho|KenW|  Qvar|
+-+-----------+-----------+-----------+----------------+-----------+--------+-----+----+------+
|x|          1|         33|         33|    0.9050000000|         33|00:05:01|   NA|  NA|    NA|
|x|          2|         33|         33|     1.281000000|         66|00:05:01|+0.20|0.60|0.0009|
|x|          3|         33|          1|     2.096666667|         99|00:05:04|+0.07|0.38|0.6991|
|x|          4|         33|          1|     76.57250000|        132|00:10:01|+0.05|0.29|0.5920|
|=|          5|         33|          4|     66.00180000|        165|00:05:08|+0.00|0.20|0.7548|
|=|          6|         33|         18|     52.92866667|        198|00:00:16|+0.01|0.17|0.7432|
+-+-----------+-----------+-----------+----------------+-----------+--------+-----+----+------+
Best-so-far configuration:          18    mean value:      52.92866667
Description of the best-so-far configuration:
   .ID. bandit reward learningrate movefoundweight efficiencyweight slopeweight confidence .PARENT.
18   18    ucb     r1       0.8031          0.8762           0.4812      0.1987     3.4159       NA

# 2025-07-11 12:25:44 CEST: Elite configurations (first number is the configuration ID; listed from best to worst according to the sum of ranks):
   bandit reward learningrate movefoundweight efficiencyweight slopeweight confidence
18    ucb     r1       0.8031          0.8762           0.4812      0.1987     3.4159
4     ucb     r1       0.5844          0.3449           0.7624      0.3549     3.2659
20    ucb     r1       0.0531          0.6262           0.2312      0.4487     2.2159
17    ucb     r1       0.0219          0.1574           0.8249      0.5424     2.9659
# 2025-07-11 12:25:44 CEST: Iteration 2 of 4
# experimentsUsed: 198
# remainingBudget: 602
# currentBudget: 200
# nbConfigurations: 32
# Markers:
     x No test is performed.
     c Configurations are discarded only due to capping.
     - The test is performed and some configurations are discarded.
     = The test is performed but no configuration is discarded.
     ! The test is performed and configurations could be discarded but elite configurations are preserved.
     . All alive configurations are elite and nothing is discarded.

+-+-----------+-----------+-----------+----------------+-----------+--------+-----+----+------+
| |   Instance|      Alive|       Best|       Mean best| Exp so far|  W time|  rho|KenW|  Qvar|
+-+-----------+-----------+-----------+----------------+-----------+--------+-----+----+------+
|x|          7|         32|         61|     6.161000000|         32|00:05:01|   NA|  NA|    NA|
|x|          1|         32|         53|     4.578500000|         60|00:00:06|+0.20|0.60|0.8335|
|x|          2|         32|         61|     3.219666667|         88|00:05:01|+0.12|0.41|0.9731|
|x|          4|         32|         61|     77.41475000|        116|00:05:01|+0.08|0.31|0.7287|
|=|          6|         32|         41|     63.53320000|        144|00:00:15|+0.06|0.25|0.7922|
|=|          3|         32|         38|     52.73750000|        172|00:05:01|+0.04|0.20|0.8350|
|=|          5|         32|         41|     46.47657143|        200|00:05:01|+0.04|0.17|0.8397|
+-+-----------+-----------+-----------+----------------+-----------+--------+-----+----+------+
Best-so-far configuration:          41    mean value:      46.47657143
Description of the best-so-far configuration:
   .ID. bandit reward learningrate movefoundweight efficiencyweight slopeweight confidence .PARENT.
41   41    ucb     r1       0.4294          0.8474           0.2418      0.0556     3.3812       18

# 2025-07-11 12:51:14 CEST: Elite configurations (first number is the configuration ID; listed from best to worst according to the sum of ranks):
   bandit reward learningrate movefoundweight efficiencyweight slopeweight confidence
41    ucb     r1       0.4294          0.8474           0.2418      0.0556     3.3812
52    ucb     r1       0.8165          0.7278           0.3214      0.5085     4.5899
38    ucb     r1       0.6508          0.7329           0.2947      0.1486     2.3849
55    ucb     r1       0.1006          0.4410           0.6833      0.4411     2.3498
# 2025-07-11 12:51:14 CEST: Iteration 3 of 4
# experimentsUsed: 398
# remainingBudget: 402
# currentBudget: 201
# nbConfigurations: 28
# Markers:
     x No test is performed.
     c Configurations are discarded only due to capping.
     - The test is performed and some configurations are discarded.
     = The test is performed but no configuration is discarded.
     ! The test is performed and configurations could be discarded but elite configurations are preserved.
     . All alive configurations are elite and nothing is discarded.

+-+-----------+-----------+-----------+----------------+-----------+--------+-----+----+------+
| |   Instance|      Alive|       Best|       Mean best| Exp so far|  W time|  rho|KenW|  Qvar|
+-+-----------+-----------+-----------+----------------+-----------+--------+-----+----+------+
|x|          8|         28|         84|     5.380000000|         28|00:05:01|   NA|  NA|    NA|
|x|          7|         28|         84|     7.175000000|         52|00:05:01|+0.08|0.54|1.0636|
|x|          3|         28|         38|     5.632000000|         76|00:05:01|-0.03|0.31|1.0362|
|x|          1|         28|         62|     5.683500000|        100|00:00:04|-0.05|0.21|1.0179|
|=|          5|         28|         41|     5.604600000|        124|00:05:01|-0.01|0.20|0.9367|
|=|          4|         28|         41|     54.67050000|        148|00:05:01|-0.00|0.16|0.7852|
|=|          6|         28|         41|     47.45785714|        172|00:00:13|-0.01|0.13|0.8206|
|=|          2|         28|         41|     41.74350000|        196|00:00:09|-0.04|0.09|0.8612|
+-+-----------+-----------+-----------+----------------+-----------+--------+-----+----+------+
Best-so-far configuration:          41    mean value:      41.74350000
Description of the best-so-far configuration:
   .ID. bandit reward learningrate movefoundweight efficiencyweight slopeweight confidence .PARENT.
41   41    ucb     r1       0.4294          0.8474           0.2418      0.0556     3.3812       18

# 2025-07-11 13:16:47 CEST: Elite configurations (first number is the configuration ID; listed from best to worst according to the sum of ranks):
   bandit reward learningrate movefoundweight efficiencyweight slopeweight confidence
41    ucb     r1       0.4294          0.8474           0.2418      0.0556     3.3812
52    ucb     r1       0.8165          0.7278           0.3214      0.5085     4.5899
38    ucb     r1       0.6508          0.7329           0.2947      0.1486     2.3849
78    ucb     r1       0.6883          0.5878           0.4069      0.6275     4.7919
# 2025-07-11 13:16:47 CEST: Iteration 4 of 4
# experimentsUsed: 594
# remainingBudget: 206
# currentBudget: 206
# nbConfigurations: 26
# Markers:
     x No test is performed.
     c Configurations are discarded only due to capping.
     - The test is performed and some configurations are discarded.
     = The test is performed but no configuration is discarded.
     ! The test is performed and configurations could be discarded but elite configurations are preserved.
     . All alive configurations are elite and nothing is discarded.

+-+-----------+-----------+-----------+----------------+-----------+--------+-----+----+------+
| |   Instance|      Alive|       Best|       Mean best| Exp so far|  W time|  rho|KenW|  Qvar|
+-+-----------+-----------+-----------+----------------+-----------+--------+-----+----+------+
|x|          9|         26|         38|     2.682000000|         26|00:05:01|   NA|  NA|    NA|
|x|          3|         26|         38|     2.041000000|         48|00:05:00|+0.18|0.59|0.8753|
|x|          5|         26|         41|     4.139666667|         70|00:05:01|-0.05|0.30|0.9869|
|x|          7|         26|         41|     5.592000000|         92|00:05:01|+0.06|0.30|0.9189|
|=|          6|         26|         41|     5.310000000|        114|00:00:11|+0.08|0.26|0.9091|
|=|          4|         26|         41|     54.42500000|        136|00:05:01|+0.06|0.22|0.7663|
|-|          2|         15|         38|     88.03585714|        158|00:05:01|+0.02|0.16|0.7837|
|=|          1|         15|         90|     77.89150000|        169|00:00:03|-0.04|0.09|0.8414|
|=|          8|         15|         91|     46.04877778|        180|00:00:14|-0.05|0.07|0.8543|
|=|         10|         15|         90|     63.76250000|        195|00:00:13|-0.04|0.07|0.8654|
+-+-----------+-----------+-----------+----------------+-----------+--------+-----+----+------+
Best-so-far configuration:          90    mean value:      63.76250000
Description of the best-so-far configuration:
   .ID. bandit reward learningrate movefoundweight efficiencyweight slopeweight confidence .PARENT.
90   90    ucb     r1       0.2879          0.8656            0.344      0.0752     3.1753       41

# 2025-07-11 13:47:37 CEST: Elite configurations (first number is the configuration ID; listed from best to worst according to the sum of ranks):
   bandit reward learningrate movefoundweight efficiencyweight slopeweight confidence
90    ucb     r1       0.2879          0.8656           0.3440      0.0752     3.1753
52    ucb     r1       0.8165          0.7278           0.3214      0.5085     4.5899
38    ucb     r1       0.6508          0.7329           0.2947      0.1486     2.3849
91    ucb     r1       0.9424          0.7235           0.1992      0.5850     4.6317
# 2025-07-11 13:47:37 CEST: Iteration 5 of 5
# experimentsUsed: 789
# remainingBudget: 11
# currentBudget: 11
# nbConfigurations: 5
# Markers:
     x No test is performed.
     c Configurations are discarded only due to capping.
     - The test is performed and some configurations are discarded.
     = The test is performed but no configuration is discarded.
     ! The test is performed and configurations could be discarded but elite configurations are preserved.
     . All alive configurations are elite and nothing is discarded.

+-+-----------+-----------+-----------+----------------+-----------+--------+-----+----+------+
| |   Instance|      Alive|       Best|       Mean best| Exp so far|  W time|  rho|KenW|  Qvar|
+-+-----------+-----------+-----------+----------------+-----------+--------+-----+----+------+
|x|          4|          5|         90|     300.0000000|          1|00:05:00|   NA|  NA|    NA|
|x|          5|          5|         91|     152.0290000|          2|00:05:00|+0.00|0.50|0.4000|
|x|          3|          5|         90|     200.4203333|          3|00:05:00|-0.17|0.22|0.4283|
|x|          9|          5|         90|     151.4247500|          4|00:05:00|+0.07|0.30|0.5079|
|=|         10|          5|         52|     78.36820000|          5|00:00:09|+0.16|0.33|0.5248|
|=|          8|          5|         52|     66.34983333|          6|00:00:05|-0.04|0.13|0.6915|
|=|          7|          5|         38|     89.15342857|          7|00:00:12|-0.05|0.10|0.7142|
|=|          2|          5|         52|     51.67525000|          8|00:05:00|+0.03|0.15|0.6632|
|=|          6|          5|         38|     69.96444444|          9|00:00:04|-0.02|0.09|0.7049|
|=|          1|          5|         90|     63.76250000|         10|00:00:01|-0.07|0.04|0.7444|
+-+-----------+-----------+-----------+----------------+-----------+--------+-----+----+------+
Best-so-far configuration:          90    mean value:      63.76250000
Description of the best-so-far configuration:
   .ID. bandit reward learningrate movefoundweight efficiencyweight slopeweight confidence .PARENT.
90   90    ucb     r1       0.2879          0.8656            0.344      0.0752     3.1753       41

# 2025-07-11 14:13:13 CEST: Elite configurations (first number is the configuration ID; listed from best to worst according to the sum of ranks):
   bandit reward learningrate movefoundweight efficiencyweight slopeweight confidence
90    ucb     r1       0.2879          0.8656           0.3440      0.0752     3.1753
52    ucb     r1       0.8165          0.7278           0.3214      0.5085     4.5899
38    ucb     r1       0.6508          0.7329           0.2947      0.1486     2.3849
91    ucb     r1       0.9424          0.7235           0.1992      0.5850     4.6317
# 2025-07-11 14:13:13 CEST: Stopped because there is not enough budget left to race more than the minimum (4).
# You may either increase the budget or set 'minNbSurvival' to a lower value.
# Iteration: 6
# nbIterations: 6
# experimentsUsed: 799
# timeUsed: 0
# remainingBudget: 1
# currentBudget: 1
# number of elites: 4
# nbConfigurations: 4
# Total CPU user time: 78400.51, CPU sys time: 534.784, Wall-clock time: 8282.236
# Best configurations (first number is the configuration ID; listed from best to worst according to the sum of ranks):
   bandit reward learningrate movefoundweight efficiencyweight slopeweight confidence
90    ucb     r1       0.2879          0.8656           0.3440      0.0752     3.1753
52    ucb     r1       0.8165          0.7278           0.3214      0.5085     4.5899
38    ucb     r1       0.6508          0.7329           0.2947      0.1486     2.3849
91    ucb     r1       0.9424          0.7235           0.1992      0.5850     4.6317
# Best configurations as commandlines (first number is the configuration ID; listed from best to worst according to the sum of ranks):
90 --bandit ucb --reward r1 -lr 0.2879 -mfw 0.8656 -ew 0.344 -sw 0.0752 -c 3.1753
52 --bandit ucb --reward r1 -lr 0.8165 -mfw 0.7278 -ew 0.3214 -sw 0.5085 -c 4.5899
38 --bandit ucb --reward r1 -lr 0.6508 -mfw 0.7329 -ew 0.2947 -sw 0.1486 -c 2.3849
91 --bandit ucb --reward r1 -lr 0.9424 -mfw 0.7235 -ew 0.1992 -sw 0.585 -c 4.6317


# Testing of elite configurations: 1 
# Testing iteration configurations: FALSE 
# 2025-07-11 14:13:13 CEST: No test instances, skip testing

Resources Used

Total Memory used                        - MEM              : 45GiB
Total CPU Time                           - CPU_Time         : 3-01:39:12
Execution Time                           - Wall_Time        : 02:18:06
total programme cpu time                 - Total_CPU        : 21:55:52
Total_CPU / CPU_Time  (%)                - ETA              : 29%
Number of alloc CPU                      - NCPUS            : 32
Number of Mobilized Resources per Job    - NCPUS_EQUIV_PJOB : 86
Mobilized Resources x Execution Time     - R_Wall_Time      : 8-05:56:36
CPU_Time / R_Wall_Time (%)               - ALPHA            : 37%
Energy (Joules)                                             : unknown

