#------------------------------------------------------------------------------
# irace: An implementation in R of (Elitist) Iterated Racing
# Version: 4.2.0.b50b134
# Copyright (C) 2010-2025
# Manuel Lopez-Ibanez     <manuel.lopez-ibanez@manchester.ac.uk>
# Jeremie Dubois-Lacoste
# Leslie Perez Caceres    <leslie.perez.caceres@ulb.ac.be>
#
# This is free software, and you are welcome to redistribute it under certain
# conditions.  See the GNU General Public License for details. There is NO
# WARRANTY; not even for MERCHANTABILITY or FITNESS FOR A PARTICULAR PURPOSE.
#
# irace builds upon previous code from the race package:
#     race: Racing methods for the selection of the best
#     Copyright (C) 2003 Mauro Birattari
#------------------------------------------------------------------------------
# installed at: /gpfs/projects/shared/p_ariac_cetic/miniconda/envs/myr-env/lib/R/library/irace
# called with: --parallel 32 -s /gpfs/projects/shared/p_ariac_cetic/LearningForOptimizing/irace/scenario-csp-epsilongreedy-r2.txt --target-runner /gpfs/projects/shared/p_ariac_cetic/LearningForOptimizing/irace/target-runner-csp --train-instances-file /gpfs/projects/shared/p_ariac_cetic/LearningForOptimizing/examples/csp/trainingall.txt
# 2025-07-15 15:08:13 CEST: Reading parameter file '/gpfs/projects/shared/p_ariac_cetic/LearningForOptimizing/irace/parameters-epsilongreedy-r2.txt'.
# 2025-07-15 15:08:13 CEST: Read 1 configuration(s) from file '/gpfs/projects/shared/p_ariac_cetic/LearningForOptimizing/irace/defaults-epsilongreedy-r2.txt'
# 2025-07-15 15:08:14 CEST: Initialization
# Elitist race
# Elitist new instances: 1
# Elitist limit: 2
# nbIterations: 3
# minNbSurvival: 3
# nbParameters: 2
# seed: 314385569
# confidence level: 0.95
# budget: 800
# mu: 5
# deterministic: FALSE

# 2025-07-15 15:08:14 CEST: Iteration 1 of 3
# experimentsUsed: 0
# remainingBudget: 800
# currentBudget: 266
# nbConfigurations: 44
# Markers:
     x No test is performed.
     c Configurations are discarded only due to capping.
     - The test is performed and some configurations are discarded.
     = The test is performed but no configuration is discarded.
     ! The test is performed and configurations could be discarded but elite configurations are preserved.
     . All alive configurations are elite and nothing is discarded.

+-+-----------+-----------+-----------+----------------+-----------+--------+-----+----+------+
| |   Instance|      Alive|       Best|       Mean best| Exp so far|  W time|  rho|KenW|  Qvar|
+-+-----------+-----------+-----------+----------------+-----------+--------+-----+----+------+
|x|          1|         44|          1|     300.0000000|         44|00:10:03|   NA|  NA|    NA|
|x|          2|         44|         38|     150.5025000|         88|00:05:11|+0.00|0.50|0.4886|
|x|          3|         44|         43|     101.5186667|        132|00:00:27|+0.04|0.36|0.6338|
|x|          4|         44|         43|     76.30075000|        176|00:00:10|+0.09|0.32|0.7115|
|=|          5|         44|         37|     71.58600000|        220|00:05:30|+0.09|0.27|0.7341|
|=|          6|         44|         43|     103.0655000|        264|00:10:01|+0.06|0.22|0.7681|
+-+-----------+-----------+-----------+----------------+-----------+--------+-----+----+------+
Best-so-far configuration:          43    mean value:      103.0655000
Description of the best-so-far configuration:
   .ID.        bandit reward learningrate epsilon .PARENT.
43   43 epsilongreedy     r2       0.5815  0.2356       NA

# 2025-07-15 15:39:39 CEST: Elite configurations (first number is the configuration ID; listed from best to worst according to the sum of ranks):
          bandit reward learningrate epsilon
43 epsilongreedy     r2       0.5815  0.2356
38 epsilongreedy     r2       0.6440  0.4231
37 epsilongreedy     r2       0.0190  0.2981
# 2025-07-15 15:39:39 CEST: Iteration 2 of 3
# experimentsUsed: 264
# remainingBudget: 536
# currentBudget: 268
# nbConfigurations: 40
# Markers:
     x No test is performed.
     c Configurations are discarded only due to capping.
     - The test is performed and some configurations are discarded.
     = The test is performed but no configuration is discarded.
     ! The test is performed and configurations could be discarded but elite configurations are preserved.
     . All alive configurations are elite and nothing is discarded.

+-+-----------+-----------+-----------+----------------+-----------+--------+-----+----+------+
| |   Instance|      Alive|       Best|       Mean best| Exp so far|  W time|  rho|KenW|  Qvar|
+-+-----------+-----------+-----------+----------------+-----------+--------+-----+----+------+
|x|          7|         40|         43|     300.0000000|         40|00:10:02|   NA|  NA|    NA|
|x|          3|         40|         37|     150.7120000|         77|00:03:24|+0.00|0.50|0.4875|
|x|          4|         40|         51|     100.8823333|        114|00:02:50|+0.11|0.41|0.6655|
|x|          2|         40|         43|     76.30075000|        151|00:05:05|+0.13|0.35|0.7476|
|-|          5|         25|         37|     71.58600000|        188|00:05:05|-0.05|0.16|0.7814|
|=|          1|         25|         37|     109.6550000|        210|00:05:01|-0.04|0.13|0.6489|
|=|          6|         25|         38|     91.13100000|        232|00:05:01|-0.03|0.12|0.6835|
|=|          8|         25|         43|     115.0450000|        257|00:05:01|+0.01|0.13|0.6893|
+-+-----------+-----------+-----------+----------------+-----------+--------+-----+----+------+
Best-so-far configuration:          43    mean value:      115.0450000
Description of the best-so-far configuration:
   .ID.        bandit reward learningrate epsilon .PARENT.
43   43 epsilongreedy     r2       0.5815  0.2356       NA

# 2025-07-15 16:21:10 CEST: Elite configurations (first number is the configuration ID; listed from best to worst according to the sum of ranks):
          bandit reward learningrate epsilon
43 epsilongreedy     r2       0.5815  0.2356
38 epsilongreedy     r2       0.6440  0.4231
74 epsilongreedy     r2       0.6735  0.2013
# 2025-07-15 16:21:10 CEST: Iteration 3 of 3
# experimentsUsed: 521
# remainingBudget: 279
# currentBudget: 279
# nbConfigurations: 33
# Markers:
     x No test is performed.
     c Configurations are discarded only due to capping.
     - The test is performed and some configurations are discarded.
     = The test is performed but no configuration is discarded.
     ! The test is performed and configurations could be discarded but elite configurations are preserved.
     . All alive configurations are elite and nothing is discarded.

+-+-----------+-----------+-----------+----------------+-----------+--------+-----+----+------+
| |   Instance|      Alive|       Best|       Mean best| Exp so far|  W time|  rho|KenW|  Qvar|
+-+-----------+-----------+-----------+----------------+-----------+--------+-----+----+------+
|x|          9|         33|         43|     300.0000000|         33|00:10:01|   NA|  NA|    NA|
|x|          5|         33|         38|     150.5015000|         63|00:05:01|+0.00|0.50|0.4848|
|x|          2|         33|         38|     100.6693333|         93|00:05:01|+0.20|0.47|0.5246|
|x|          1|         33|         38|     150.5020000|        123|00:05:01|+0.13|0.35|0.4239|
|=|          7|         33|         38|     180.4016000|        153|00:05:01|+0.10|0.28|0.3513|
|=|          4|         33|         38|     150.4471667|        183|00:02:58|+0.05|0.21|0.4405|
|-|          6|         11|         38|     132.3788571|        213|00:05:01|+0.01|0.15|0.5523|
|=|          8|         11|         38|     116.1863750|        221|00:05:00|-0.01|0.12|0.5853|
|=|          3|         11|         38|     104.5284444|        229|00:00:02|-0.05|0.07|0.6529|
|=|         10|         11|         85|     93.60350000|        240|00:00:30|-0.04|0.06|0.6573|
+-+-----------+-----------+-----------+----------------+-----------+--------+-----+----+------+
Best-so-far configuration:          85    mean value:      93.60350000
Description of the best-so-far configuration:
   .ID.        bandit reward learningrate epsilon .PARENT.
85   85 epsilongreedy     r2       0.6797  0.2029       74

# 2025-07-15 17:04:53 CEST: Elite configurations (first number is the configuration ID; listed from best to worst according to the sum of ranks):
          bandit reward learningrate epsilon
85 epsilongreedy     r2       0.6797  0.2029
38 epsilongreedy     r2       0.6440  0.4231
96 epsilongreedy     r2       0.5746  0.2525
# 2025-07-15 17:04:53 CEST: Iteration 4 of 4
# experimentsUsed: 761
# remainingBudget: 39
# currentBudget: 39
# nbConfigurations: 6
# Markers:
     x No test is performed.
     c Configurations are discarded only due to capping.
     - The test is performed and some configurations are discarded.
     = The test is performed but no configuration is discarded.
     ! The test is performed and configurations could be discarded but elite configurations are preserved.
     . All alive configurations are elite and nothing is discarded.

+-+-----------+-----------+-----------+----------------+-----------+--------+-----+----+------+
| |   Instance|      Alive|       Best|       Mean best| Exp so far|  W time|  rho|KenW|  Qvar|
+-+-----------+-----------+-----------+----------------+-----------+--------+-----+----+------+
|x|         11|          6|         85|     300.0000000|          6|00:05:00|   NA|  NA|    NA|
|x|          8|          6|         85|     150.3405000|          9|00:00:30|+0.00|0.50|0.4167|
|x|          9|          6|         85|     200.2270000|         12|00:05:00|+0.00|0.33|0.2778|
|x|          2|          6|         85|     150.9662500|         15|00:05:00|+0.12|0.34|0.2819|
|=|          4|          6|        112|     120.6748000|         18|00:00:01|-0.04|0.17|0.4594|
|=|          5|          6|        112|     101.8256667|         21|00:05:00|+0.03|0.19|0.4265|
|=|          1|          6|        112|     130.1362857|         24|00:05:00|+0.02|0.16|0.3840|
|=|          3|          6|        113|     122.7283750|         27|00:00:06|-0.02|0.11|0.4786|
|=|         10|          6|         85|     103.6726667|         30|00:00:01|+0.02|0.13|0.5153|
|=|          7|          6|         85|     123.3054000|         33|00:05:00|+0.02|0.12|0.4678|
|=|          6|          6|         85|     112.3668182|         36|00:05:00|+0.03|0.11|0.5102|
+-+-----------+-----------+-----------+----------------+-----------+--------+-----+----+------+
Best-so-far configuration:          85    mean value:      112.3668182
Description of the best-so-far configuration:
   .ID.        bandit reward learningrate epsilon .PARENT.
85   85 epsilongreedy     r2       0.6797  0.2029       74

# 2025-07-15 17:40:35 CEST: Elite configurations (first number is the configuration ID; listed from best to worst according to the sum of ranks):
           bandit reward learningrate epsilon
85  epsilongreedy     r2       0.6797  0.2029
112 epsilongreedy     r2       0.6362  0.4144
113 epsilongreedy     r2       0.6652  0.4226
# 2025-07-15 17:40:35 CEST: Stopped because there is not enough budget left to race more than the minimum (3).
# You may either increase the budget or set 'minNbSurvival' to a lower value.
# Iteration: 5
# nbIterations: 5
# experimentsUsed: 797
# timeUsed: 0
# remainingBudget: 3
# currentBudget: 3
# number of elites: 3
# nbConfigurations: 3
# Total CPU user time: 131419.5, CPU sys time: 623.732, Wall-clock time: 9141.719
# 2025-07-15 17:40:35 CEST: Starting post-selection:
# Configurations selected: 85, 112, 113.
# Pending instances: 0, 0, 0.
# 2025-07-15 17:40:35 CEST: seed: 314385569
# Configurations: 3
# Available experiments: 3
# minSurvival: 1
# Markers:
     x No test is performed.
     c Configurations are discarded only due to capping.
     - The test is performed and some configurations are discarded.
     = The test is performed but no configuration is discarded.
     ! The test is performed and configurations could be discarded but elite configurations are preserved.
     . All alive configurations are elite and nothing is discarded.

+-+-----------+-----------+-----------+----------------+-----------+--------+-----+----+------+
| |   Instance|      Alive|       Best|       Mean best| Exp so far|  W time|  rho|KenW|  Qvar|
+-+-----------+-----------+-----------+----------------+-----------+--------+-----+----+------+
|.|          8|          3|         85|    0.6810000000|          0|00:00:00|   NA|  NA|    NA|
|.|          6|          3|         85|     1.831000000|          0|00:00:00|+0.86|0.93|0.3046|
|.|          9|          3|         85|     101.2206667|          0|00:00:00|+0.43|0.62|0.3237|
|.|          4|          3|         85|     76.44325000|          0|00:00:00|-0.24|0.07|0.6143|
|.|          5|          3|         85|     66.16400000|          0|00:00:00|-0.23|0.01|0.6511|
|.|         11|          3|         85|     105.1366667|          0|00:00:00|-0.19|0.01|0.5230|
|.|          3|          3|         85|     90.35685714|          0|00:00:00|-0.11|0.05|0.5538|
|.|          7|          3|         85|     116.5622500|          0|00:00:00|-0.09|0.05|0.4749|
|.|         10|          3|         85|     103.6501111|          0|00:00:00|-0.05|0.06|0.4917|
|.|          2|          3|         85|     93.60350000|          0|00:00:00|-0.06|0.05|0.4940|
|.|          1|          3|         85|     112.3668182|          0|00:00:00|-0.05|0.04|0.4466|
|=|         12|          3|         85|     107.9467500|          3|00:05:00|-0.01|0.08|0.4491|
+-+-----------+-----------+-----------+----------------+-----------+--------+-----+----+------+
Best-so-far configuration:          85    mean value:      107.9467500
Description of the best-so-far configuration:
   .ID.        bandit reward learningrate epsilon .PARENT.
85   85 epsilongreedy     r2       0.6797  0.2029       74

# 2025-07-15 17:45:36 CEST: Elite configurations (first number is the configuration ID; listed from best to worst according to the sum of ranks):
           bandit reward learningrate epsilon
85  epsilongreedy     r2       0.6797  0.2029
112 epsilongreedy     r2       0.6362  0.4144
113 epsilongreedy     r2       0.6652  0.4226
# Total CPU user time: 132088.2, CPU sys time: 626.2, Wall-clock time: 9442.4
# Best configurations (first number is the configuration ID; listed from best to worst according to the sum of ranks):
           bandit reward learningrate epsilon
85  epsilongreedy     r2       0.6797  0.2029
112 epsilongreedy     r2       0.6362  0.4144
113 epsilongreedy     r2       0.6652  0.4226
# Best configurations as commandlines (first number is the configuration ID; listed from best to worst according to the sum of ranks):
85  --bandit epsilongreedy --reward r2 -lr 0.6797 -e 0.2029
112 --bandit epsilongreedy --reward r2 -lr 0.6362 -e 0.4144
113 --bandit epsilongreedy --reward r2 -lr 0.6652 -e 0.4226


# Testing of elite configurations: 1 
# Testing iteration configurations: FALSE 
# 2025-07-15 17:45:36 CEST: No test instances, skip testing

Resources Used

Total Memory used                        - MEM              : 51GiB
Total CPU Time                           - CPU_Time         : 3-13:12:32
Execution Time                           - Wall_Time        : 02:39:46
total programme cpu time                 - Total_CPU        : 1-12:52:42
Total_CPU / CPU_Time  (%)                - ETA              : 43%
Number of alloc CPU                      - NCPUS            : 32
Number of Mobilized Resources per Job    - NCPUS_EQUIV_PJOB : 86
Mobilized Resources x Execution Time     - R_Wall_Time      : 9-12:59:56
CPU_Time / R_Wall_Time (%)               - ALPHA            : 37%
Energy (Joules)                                             : unknown

