#------------------------------------------------------------------------------
# irace: An implementation in R of (Elitist) Iterated Racing
# Version: 4.2.0.b50b134
# Copyright (C) 2010-2025
# Manuel Lopez-Ibanez     <manuel.lopez-ibanez@manchester.ac.uk>
# Jeremie Dubois-Lacoste
# Leslie Perez Caceres    <leslie.perez.caceres@ulb.ac.be>
#
# This is free software, and you are welcome to redistribute it under certain
# conditions.  See the GNU General Public License for details. There is NO
# WARRANTY; not even for MERCHANTABILITY or FITNESS FOR A PARTICULAR PURPOSE.
#
# irace builds upon previous code from the race package:
#     race: Racing methods for the selection of the best
#     Copyright (C) 2003 Mauro Birattari
#------------------------------------------------------------------------------
# installed at: /gpfs/projects/shared/p_ariac_cetic/miniconda/envs/myr-env/lib/R/library/irace
# called with: --parallel 8 -s /gpfs/projects/shared/p_ariac_cetic/LearningForOptimizing/irace/scenario-pdptw-epsilongreedy-r2.txt --target-runner /gpfs/projects/shared/p_ariac_cetic/LearningForOptimizing/irace/target-runner-pdptw --train-instances-file /gpfs/projects/shared/p_ariac_cetic/LearningForOptimizing/examples/pdptw/trainingall.txt
# 2025-07-13 22:50:40 CEST: Reading parameter file '/gpfs/projects/shared/p_ariac_cetic/LearningForOptimizing/irace/parameters-epsilongreedy-r2.txt'.
# 2025-07-13 22:50:40 CEST: Read 1 configuration(s) from file '/gpfs/projects/shared/p_ariac_cetic/LearningForOptimizing/irace/defaults-epsilongreedy-r2.txt'
# 2025-07-13 22:50:40 CEST: Initialization
# Elitist race
# Elitist new instances: 1
# Elitist limit: 2
# nbIterations: 3
# minNbSurvival: 3
# nbParameters: 2
# seed: 1086986710
# confidence level: 0.95
# budget: 800
# mu: 5
# deterministic: FALSE

# 2025-07-13 22:50:40 CEST: Iteration 1 of 3
# experimentsUsed: 0
# remainingBudget: 800
# currentBudget: 266
# nbConfigurations: 44
# Markers:
     x No test is performed.
     c Configurations are discarded only due to capping.
     - The test is performed and some configurations are discarded.
     = The test is performed but no configuration is discarded.
     ! The test is performed and configurations could be discarded but elite configurations are preserved.
     . All alive configurations are elite and nothing is discarded.

+-+-----------+-----------+-----------+----------------+-----------+--------+-----+----+------+
| |   Instance|      Alive|       Best|       Mean best| Exp so far|  W time|  rho|KenW|  Qvar|
+-+-----------+-----------+-----------+----------------+-----------+--------+-----+----+------+
|x|          1|         44|         25|     3.372000000|         44|00:30:19|   NA|  NA|    NA|
|x|          2|         44|          2|     76.30700000|         88|00:30:28|+0.18|0.59|0.7637|
|x|          3|         44|          2|     94.07566667|        132|00:30:21|+0.25|0.50|0.5946|
|x|          4|         44|          2|     101.2817500|        176|00:30:22|+0.35|0.51|0.4873|
|-|          5|          9|          2|     88.31780000|        220|00:30:16|+0.41|0.53|0.6076|
|-|          6|          4|          2|     74.34533333|        229|00:10:03|-0.03|0.14|0.5606|
|=|          7|          4|         44|     69.00971429|        233|00:05:02|-0.08|0.08|0.6592|
|=|          8|          4|         44|     83.88075000|        237|00:05:02|-0.02|0.11|0.6079|
+-+-----------+-----------+-----------+----------------+-----------+--------+-----+----+------+
Best-so-far configuration:          44    mean value:      83.88075000
Description of the best-so-far configuration:
   .ID.        bandit reward learningrate epsilon .PARENT.
44   44 epsilongreedy     r2       0.8254  0.0056       NA

# 2025-07-14 01:42:38 CEST: Elite configurations (first number is the configuration ID; listed from best to worst according to the sum of ranks):
          bandit reward learningrate epsilon
44 epsilongreedy     r2       0.8254  0.0056
2  epsilongreedy     r2       0.1223  0.0212
25 epsilongreedy     r2       0.4036  0.1150
# 2025-07-14 01:42:38 CEST: Iteration 2 of 3
# experimentsUsed: 237
# remainingBudget: 563
# currentBudget: 281
# nbConfigurations: 33
# Markers:
     x No test is performed.
     c Configurations are discarded only due to capping.
     - The test is performed and some configurations are discarded.
     = The test is performed but no configuration is discarded.
     ! The test is performed and configurations could be discarded but elite configurations are preserved.
     . All alive configurations are elite and nothing is discarded.

+-+-----------+-----------+-----------+----------------+-----------+--------+-----+----+------+
| |   Instance|      Alive|       Best|       Mean best| Exp so far|  W time|  rho|KenW|  Qvar|
+-+-----------+-----------+-----------+----------------+-----------+--------+-----+----+------+
|x|          9|         33|         72|     11.57200000|         33|00:25:13|   NA|  NA|    NA|
|x|          3|         33|         72|     66.43450000|         63|00:20:15|+0.19|0.60|0.9650|
|x|          1|         33|         45|     50.15900000|         93|00:20:13|+0.07|0.38|0.9340|
|x|          4|         33|         45|     64.32875000|        123|00:20:18|+0.22|0.41|0.8190|
|-|          2|         13|         45|     80.04060000|        153|00:20:17|-0.11|0.11|1.0169|
|=|          5|         13|         45|     73.74783333|        163|00:10:03|-0.04|0.13|0.9841|
|=|          6|         13|         45|     64.02828571|        173|00:10:05|+0.01|0.15|0.9490|
|=|          7|         13|         44|     62.77112500|        183|00:10:03|+0.03|0.15|0.9169|
|=|          8|         13|         45|     76.76544444|        193|00:10:04|+0.04|0.14|0.9131|
|=|         10|         13|         45|     70.83510000|        206|00:10:05|+0.02|0.12|0.9145|
+-+-----------+-----------+-----------+----------------+-----------+--------+-----+----+------+
Best-so-far configuration:          45    mean value:      70.83510000
Description of the best-so-far configuration:
   .ID.        bandit reward learningrate epsilon .PARENT.
45   45 epsilongreedy     r2       0.2495  0.0214        2

# 2025-07-14 04:19:19 CEST: Elite configurations (first number is the configuration ID; listed from best to worst according to the sum of ranks):
          bandit reward learningrate epsilon
45 epsilongreedy     r2       0.2495  0.0214
44 epsilongreedy     r2       0.8254  0.0056
70 epsilongreedy     r2       0.3619  0.0239
# 2025-07-14 04:19:19 CEST: Iteration 3 of 3
# experimentsUsed: 443
# remainingBudget: 357
# currentBudget: 357
# nbConfigurations: 35
# Markers:
     x No test is performed.
     c Configurations are discarded only due to capping.
     - The test is performed and some configurations are discarded.
     = The test is performed but no configuration is discarded.
     ! The test is performed and configurations could be discarded but elite configurations are preserved.
     . All alive configurations are elite and nothing is discarded.

+-+-----------+-----------+-----------+----------------+-----------+--------+-----+----+------+
| |   Instance|      Alive|       Best|       Mean best| Exp so far|  W time|  rho|KenW|  Qvar|
+-+-----------+-----------+-----------+----------------+-----------+--------+-----+----+------+
|x|         11|         35|         95|     49.93200000|         35|00:25:13|   NA|  NA|    NA|
|x|          2|         35|         76|     90.73200000|         67|00:20:21|+0.16|0.58|0.5452|
|x|         10|         35|        106|     66.70766667|         99|00:20:15|-0.14|0.24|0.9073|
|x|          1|         35|         88|     54.60825000|        131|00:20:15|-0.05|0.21|0.9130|
|=|          9|         35|         98|     46.52180000|        163|00:20:17|-0.05|0.16|0.9607|
|=|          5|         35|         98|     44.70083333|        195|00:20:17|-0.01|0.16|0.9329|
|=|          7|         35|        100|     56.61728571|        227|00:20:14|+0.02|0.16|0.8651|
|=|          3|         35|         98|     59.66137500|        259|00:20:18|+0.01|0.13|0.9220|
|=|          6|         35|         94|     50.69211111|        291|00:20:18|+0.02|0.13|0.9285|
|=|          4|         35|        106|     57.13950000|        323|00:20:23|+0.03|0.13|0.9334|
|=|          8|         35|        106|     68.57172727|        355|00:20:17|+0.03|0.12|0.9463|
+-+-----------+-----------+-----------+----------------+-----------+--------+-----+----+------+
Best-so-far configuration:         106    mean value:      68.57172727
Description of the best-so-far configuration:
    .ID.        bandit reward learningrate epsilon .PARENT.
106  106 epsilongreedy     r2       0.8464  0.0168       44

# 2025-07-14 08:07:34 CEST: Elite configurations (first number is the configuration ID; listed from best to worst according to the sum of ranks):
           bandit reward learningrate epsilon
106 epsilongreedy     r2       0.8464  0.0168
44  epsilongreedy     r2       0.8254  0.0056
84  epsilongreedy     r2       0.8081  0.0087
# 2025-07-14 08:07:34 CEST: Stopped because there is not enough budget left to race more than the minimum (3).
# You may either increase the budget or set 'minNbSurvival' to a lower value.
# Iteration: 4
# nbIterations: 4
# experimentsUsed: 798
# timeUsed: 0
# remainingBudget: 2
# currentBudget: 2
# number of elites: 3
# nbConfigurations: 3
# Total CPU user time: 230562.8, CPU sys time: 10273.15, Wall-clock time: 33414.06
# 2025-07-14 08:07:34 CEST: Starting post-selection:
# Configurations selected: 106, 44.
# Pending instances: 0, 0.
# 2025-07-14 08:07:35 CEST: seed: 1086986710
# Configurations: 2
# Available experiments: 2
# minSurvival: 1
# Markers:
     x No test is performed.
     c Configurations are discarded only due to capping.
     - The test is performed and some configurations are discarded.
     = The test is performed but no configuration is discarded.
     ! The test is performed and configurations could be discarded but elite configurations are preserved.
     . All alive configurations are elite and nothing is discarded.

+-+-----------+-----------+-----------+----------------+-----------+--------+-----+----+------+
| |   Instance|      Alive|       Best|       Mean best| Exp so far|  W time|  rho|KenW|  Qvar|
+-+-----------+-----------+-----------+----------------+-----------+--------+-----+----+------+
|.|          3|          2|         44|     123.9270000|          0|00:00:00|   NA|  NA|    NA|
|.|          4|          2|         44|     115.5800000|          0|00:00:00|+1.00|1.00|0.0000|
|.|          8|          2|         44|     139.7126667|          0|00:00:00|-0.33|0.11|0.6667|
|.|         10|          2|         44|     108.9775000|          0|00:00:00|-0.33|0.00|0.6667|
|.|         11|          2|         44|     97.88340000|          0|00:00:00|-0.20|0.04|0.6000|
|.|          5|          2|         44|     88.25533333|          0|00:00:00|-0.07|0.11|0.5333|
|.|          2|          2|         44|     96.83842857|          0|00:00:00|-0.14|0.02|0.5714|
|.|          7|          2|         44|     91.66800000|          0|00:00:00|-0.07|0.06|0.5357|
|.|          1|          2|         44|     82.19733333|          0|00:00:00|-0.11|0.01|0.5556|
|.|          6|          2|         44|     74.13250000|          0|00:00:00|-0.07|0.04|0.5333|
|.|          9|          2|         44|     69.12963636|          0|00:00:00|-0.09|0.01|0.5455|
|=|         12|          2|         44|     66.55391667|          2|00:05:01|-0.06|0.03|0.5303|
+-+-----------+-----------+-----------+----------------+-----------+--------+-----+----+------+
Best-so-far configuration:          44    mean value:      66.55391667
Description of the best-so-far configuration:
   .ID.        bandit reward learningrate epsilon .PARENT.
44   44 epsilongreedy     r2       0.8254  0.0056       NA

# 2025-07-14 08:12:36 CEST: Elite configurations (first number is the configuration ID; listed from best to worst according to the sum of ranks):
           bandit reward learningrate epsilon
44  epsilongreedy     r2       0.8254  0.0056
106 epsilongreedy     r2       0.8464  0.0168
# Total CPU user time: 231306.8, CPU sys time: 10304.7, Wall-clock time: 33715.55
# Best configurations (first number is the configuration ID; listed from best to worst according to the sum of ranks):
           bandit reward learningrate epsilon
44  epsilongreedy     r2       0.8254  0.0056
106 epsilongreedy     r2       0.8464  0.0168
# Best configurations as commandlines (first number is the configuration ID; listed from best to worst according to the sum of ranks):
44  --bandit epsilongreedy --reward r2 -lr 0.8254 -e 0.0056
106 --bandit epsilongreedy --reward r2 -lr 0.8464 -e 0.0168


# Testing of elite configurations: 1 
# Testing iteration configurations: FALSE 
# 2025-07-14 08:12:36 CEST: No test instances, skip testing

Resources Used

Total Memory used                        - MEM              : 209GiB
Total CPU Time                           - CPU_Time         : 3-02:56:08
Execution Time                           - Wall_Time        : 09:22:01
total programme cpu time                 - Total_CPU        : 2-19:06:58
Total_CPU / CPU_Time  (%)                - ETA              : 89%
Number of alloc CPU                      - NCPUS            : 8
Number of Mobilized Resources per Job    - NCPUS_EQUIV_PJOB : 128
Mobilized Resources x Execution Time     - R_Wall_Time      : 49-22:58:08
CPU_Time / R_Wall_Time (%)               - ALPHA            : 6%
Energy (Joules)                                             : unknown

