#------------------------------------------------------------------------------
# irace: An implementation in R of (Elitist) Iterated Racing
# Version: 4.2.0.b50b134
# Copyright (C) 2010-2025
# Manuel Lopez-Ibanez     <manuel.lopez-ibanez@manchester.ac.uk>
# Jeremie Dubois-Lacoste
# Leslie Perez Caceres    <leslie.perez.caceres@ulb.ac.be>
#
# This is free software, and you are welcome to redistribute it under certain
# conditions.  See the GNU General Public License for details. There is NO
# WARRANTY; not even for MERCHANTABILITY or FITNESS FOR A PARTICULAR PURPOSE.
#
# irace builds upon previous code from the race package:
#     race: Racing methods for the selection of the best
#     Copyright (C) 2003 Mauro Birattari
#------------------------------------------------------------------------------
# installed at: /gpfs/projects/shared/p_ariac_cetic/miniconda/envs/myr-env/lib/R/library/irace
# called with: --parallel 32 -s /gpfs/projects/shared/p_ariac_cetic/LearningForOptimizing/irace/scenario-tsp-ucb-r2.txt --target-runner /gpfs/projects/shared/p_ariac_cetic/LearningForOptimizing/irace/target-runner-tsp --train-instances-file /gpfs/projects/shared/p_ariac_cetic/LearningForOptimizing/examples/tsp/trainingall.txt
# 2025-07-11 11:50:17 CEST: Reading parameter file '/gpfs/projects/shared/p_ariac_cetic/LearningForOptimizing/irace/parameters-ucb-r2.txt'.
# 2025-07-11 11:50:18 CEST: Read 1 configuration(s) from file '/gpfs/projects/shared/p_ariac_cetic/LearningForOptimizing/irace/defaults-ucb-r2.txt'
# 2025-07-11 11:50:18 CEST: Initialization
# Elitist race
# Elitist new instances: 1
# Elitist limit: 2
# nbIterations: 3
# minNbSurvival: 3
# nbParameters: 2
# seed: 1137581519
# confidence level: 0.95
# budget: 800
# mu: 5
# deterministic: FALSE

# 2025-07-11 11:50:18 CEST: Iteration 1 of 3
# experimentsUsed: 0
# remainingBudget: 800
# currentBudget: 266
# nbConfigurations: 44
# Markers:
     x No test is performed.
     c Configurations are discarded only due to capping.
     - The test is performed and some configurations are discarded.
     = The test is performed but no configuration is discarded.
     ! The test is performed and configurations could be discarded but elite configurations are preserved.
     . All alive configurations are elite and nothing is discarded.

+-+-----------+-----------+-----------+----------------+-----------+--------+-----+----+------+
| |   Instance|      Alive|       Best|       Mean best| Exp so far|  W time|  rho|KenW|  Qvar|
+-+-----------+-----------+-----------+----------------+-----------+--------+-----+----+------+
|x|          1|         44|          2|     123.0450000|         44|00:10:03|   NA|  NA|    NA|
|x|          2|         44|         41|     79.21950000|         88|00:10:02|-0.15|0.43|1.1726|
|x|          3|         44|         41|     53.05700000|        132|00:10:03|+0.06|0.38|0.9151|
|x|          4|         44|         41|     87.27950000|        176|00:10:02|+0.13|0.34|0.8571|
|-|          5|         18|         41|     83.42600000|        220|00:10:02|-0.00|0.20|0.9631|
|=|          6|         18|         43|     92.96650000|        238|00:05:01|+0.01|0.17|0.9479|
|=|          7|         18|         43|     82.30971429|        256|00:05:01|-0.01|0.14|0.9609|
+-+-----------+-----------+-----------+----------------+-----------+--------+-----+----+------+
Best-so-far configuration:          43    mean value:      82.30971429
Description of the best-so-far configuration:
   .ID. bandit reward learningrate confidence .PARENT.
43   43    ucb     r2       0.1141     0.8494       NA

# 2025-07-11 12:50:36 CEST: Elite configurations (first number is the configuration ID; listed from best to worst according to the sum of ranks):
   bandit reward learningrate confidence
43    ucb     r2       0.1141     0.8494
41    ucb     r2       0.5516     1.7494
34    ucb     r2       0.4266     3.5494
# 2025-07-11 12:50:36 CEST: Iteration 2 of 3
# experimentsUsed: 256
# remainingBudget: 544
# currentBudget: 272
# nbConfigurations: 36
# Markers:
     x No test is performed.
     c Configurations are discarded only due to capping.
     - The test is performed and some configurations are discarded.
     = The test is performed but no configuration is discarded.
     ! The test is performed and configurations could be discarded but elite configurations are preserved.
     . All alive configurations are elite and nothing is discarded.

+-+-----------+-----------+-----------+----------------+-----------+--------+-----+----+------+
| |   Instance|      Alive|       Best|       Mean best| Exp so far|  W time|  rho|KenW|  Qvar|
+-+-----------+-----------+-----------+----------------+-----------+--------+-----+----+------+
|x|          8|         36|         64|     99.93800000|         36|00:10:01|   NA|  NA|    NA|
|x|          2|         36|         58|     62.99150000|         69|00:10:01|+0.15|0.57|0.8521|
|x|          1|         36|         43|     89.44866667|        102|00:10:01|-0.00|0.33|0.9724|
|x|          7|         36|         43|     71.67875000|        135|00:10:01|-0.02|0.23|0.9558|
|=|          6|         36|         43|     85.46180000|        168|00:10:02|-0.01|0.19|0.9461|
|=|          3|         36|         43|     71.32850000|        201|00:10:01|+0.01|0.17|0.9293|
|=|          5|         36|         43|     70.75828571|        234|00:10:01|+0.02|0.16|0.9258|
|=|          4|         36|         43|     85.95800000|        267|00:10:02|+0.05|0.17|0.9184|
+-+-----------+-----------+-----------+----------------+-----------+--------+-----+----+------+
Best-so-far configuration:          43    mean value:      85.95800000
Description of the best-so-far configuration:
   .ID. bandit reward learningrate confidence .PARENT.
43   43    ucb     r2       0.1141     0.8494       NA

# 2025-07-11 14:10:50 CEST: Elite configurations (first number is the configuration ID; listed from best to worst according to the sum of ranks):
   bandit reward learningrate confidence
43    ucb     r2       0.1141     0.8494
77    ucb     r2       0.4876     2.3536
41    ucb     r2       0.5516     1.7494
# 2025-07-11 14:10:50 CEST: Iteration 3 of 3
# experimentsUsed: 523
# remainingBudget: 277
# currentBudget: 277
# nbConfigurations: 33
# Markers:
     x No test is performed.
     c Configurations are discarded only due to capping.
     - The test is performed and some configurations are discarded.
     = The test is performed but no configuration is discarded.
     ! The test is performed and configurations could be discarded but elite configurations are preserved.
     . All alive configurations are elite and nothing is discarded.

+-+-----------+-----------+-----------+----------------+-----------+--------+-----+----+------+
| |   Instance|      Alive|       Best|       Mean best| Exp so far|  W time|  rho|KenW|  Qvar|
+-+-----------+-----------+-----------+----------------+-----------+--------+-----+----+------+
|x|          9|         33|         97|     1.886000000|         33|00:10:02|   NA|  NA|    NA|
|x|          7|         33|         99|     10.74700000|         63|00:05:02|-0.22|0.39|1.2356|
|x|          2|         33|         92|     16.24200000|         93|00:05:02|-0.08|0.28|1.0356|
|x|          6|         33|        106|     46.87475000|        123|00:05:02|+0.00|0.25|0.9516|
|=|          3|         33|        106|     37.70280000|        153|00:05:02|+0.03|0.22|0.9292|
|=|          4|         33|         97|     62.72133333|        183|00:05:01|+0.02|0.19|0.9245|
|=|          1|         33|         97|     73.09942857|        213|00:05:01|+0.03|0.17|0.9136|
|=|          5|         33|         43|     72.91312500|        243|00:05:02|+0.02|0.15|0.9263|
|=|          8|         33|         43|     77.20011111|        273|00:05:02|+0.02|0.13|0.9404|
+-+-----------+-----------+-----------+----------------+-----------+--------+-----+----+------+
Best-so-far configuration:          43    mean value:      77.20011111
Description of the best-so-far configuration:
   .ID. bandit reward learningrate confidence .PARENT.
43   43    ucb     r2       0.1141     0.8494       NA

# 2025-07-11 15:01:11 CEST: Elite configurations (first number is the configuration ID; listed from best to worst according to the sum of ranks):
   bandit reward learningrate confidence
43    ucb     r2       0.1141     0.8494
77    ucb     r2       0.4876     2.3536
97    ucb     r2       0.5001     2.3975
# 2025-07-11 15:01:11 CEST: Stopped because there is not enough budget left to race more than the minimum (3).
# You may either increase the budget or set 'minNbSurvival' to a lower value.
# Iteration: 4
# nbIterations: 4
# experimentsUsed: 796
# timeUsed: 0
# remainingBudget: 4
# currentBudget: 4
# number of elites: 3
# nbConfigurations: 3
# Total CPU user time: 228188, CPU sys time: 7862.258, Wall-clock time: 11453.34
# 2025-07-11 15:01:11 CEST: Starting post-selection:
# Configurations selected: 43, 77, 97, 41.
# Pending instances: 0, 0, 0, 0.
# 2025-07-11 15:01:11 CEST: seed: 1137581519
# Configurations: 4
# Available experiments: 4
# minSurvival: 1
# Markers:
     x No test is performed.
     c Configurations are discarded only due to capping.
     - The test is performed and some configurations are discarded.
     = The test is performed but no configuration is discarded.
     ! The test is performed and configurations could be discarded but elite configurations are preserved.
     . All alive configurations are elite and nothing is discarded.

+-+-----------+-----------+-----------+----------------+-----------+--------+-----+----+------+
| |   Instance|      Alive|       Best|       Mean best| Exp so far|  W time|  rho|KenW|  Qvar|
+-+-----------+-----------+-----------+----------------+-----------+--------+-----+----+------+
|.|          5|          4|         77|     64.89400000|          0|00:00:00|   NA|  NA|    NA|
|.|          4|          4|         77|     126.3325000|          0|00:00:00|-0.40|0.30|0.9987|
|.|          7|          4|         77|     92.66233333|          0|00:00:00|-0.40|0.07|1.0815|
|.|          6|          4|         77|     104.7532500|          0|00:00:00|-0.10|0.17|0.9318|
|.|          3|          4|         77|     83.87680000|          0|00:00:00|-0.08|0.14|0.8581|
|.|          9|          4|         77|     70.48283333|          0|00:00:00|-0.11|0.08|0.8407|
|.|          1|          4|         77|     80.38100000|          0|00:00:00|-0.07|0.09|0.8455|
|.|          2|          4|         77|     73.90337500|          0|00:00:00|-0.11|0.03|0.8544|
|.|          8|          4|         77|     78.10800000|          0|00:00:00|-0.07|0.05|0.8244|
|=|         10|          4|         43|     92.32660000|          4|00:05:00|-0.08|0.03|0.8255|
+-+-----------+-----------+-----------+----------------+-----------+--------+-----+----+------+
Best-so-far configuration:          43    mean value:      92.32660000
Description of the best-so-far configuration:
   .ID. bandit reward learningrate confidence .PARENT.
43   43    ucb     r2       0.1141     0.8494       NA

# 2025-07-11 15:06:12 CEST: Elite configurations (first number is the configuration ID; listed from best to worst according to the sum of ranks):
   bandit reward learningrate confidence
43    ucb     r2       0.1141     0.8494
97    ucb     r2       0.5001     2.3975
77    ucb     r2       0.4876     2.3536
# Total CPU user time: 229429.3, CPU sys time: 7870.208, Wall-clock time: 11754.04
# Best configurations (first number is the configuration ID; listed from best to worst according to the sum of ranks):
   bandit reward learningrate confidence
43    ucb     r2       0.1141     0.8494
97    ucb     r2       0.5001     2.3975
77    ucb     r2       0.4876     2.3536
# Best configurations as commandlines (first number is the configuration ID; listed from best to worst according to the sum of ranks):
43 --bandit ucb --reward r2 -lr 0.1141 -c 0.8494
97 --bandit ucb --reward r2 -lr 0.5001 -c 2.3975
77 --bandit ucb --reward r2 -lr 0.4876 -c 2.3536


# Testing of elite configurations: 1 
# Testing iteration configurations: FALSE 
# 2025-07-11 15:06:12 CEST: No test instances, skip testing

Resources Used

Total Memory used                        - MEM              : 145GiB
Total CPU Time                           - CPU_Time         : 4-08:35:44
Execution Time                           - Wall_Time        : 03:16:07
total programme cpu time                 - Total_CPU        : 2-17:55:16
Total_CPU / CPU_Time  (%)                - ETA              : 63%
Number of alloc CPU                      - NCPUS            : 32
Number of Mobilized Resources per Job    - NCPUS_EQUIV_PJOB : 86
Mobilized Resources x Execution Time     - R_Wall_Time      : 11-17:06:02
CPU_Time / R_Wall_Time (%)               - ALPHA            : 37%
Energy (Joules)                                             : unknown

