#------------------------------------------------------------------------------
# irace: An implementation in R of (Elitist) Iterated Racing
# Version: 4.2.0.b50b134
# Copyright (C) 2010-2025
# Manuel Lopez-Ibanez     <manuel.lopez-ibanez@manchester.ac.uk>
# Jeremie Dubois-Lacoste
# Leslie Perez Caceres    <leslie.perez.caceres@ulb.ac.be>
#
# This is free software, and you are welcome to redistribute it under certain
# conditions.  See the GNU General Public License for details. There is NO
# WARRANTY; not even for MERCHANTABILITY or FITNESS FOR A PARTICULAR PURPOSE.
#
# irace builds upon previous code from the race package:
#     race: Racing methods for the selection of the best
#     Copyright (C) 2003 Mauro Birattari
#------------------------------------------------------------------------------
# installed at: /gpfs/projects/shared/p_ariac_cetic/miniconda/envs/myr-env/lib/R/library/irace
# called with: --parallel 32 -s /gpfs/projects/shared/p_ariac_cetic/LearningForOptimizing/irace/scenario-tsp-ucb-r1.txt --target-runner /gpfs/projects/shared/p_ariac_cetic/LearningForOptimizing/irace/target-runner-tsp --train-instances-file /gpfs/projects/shared/p_ariac_cetic/LearningForOptimizing/examples/tsp/trainingall.txt
# 2025-07-11 11:48:38 CEST: Reading parameter file '/gpfs/projects/shared/p_ariac_cetic/LearningForOptimizing/irace/parameters-ucb-r1.txt'.
# 2025-07-11 11:48:39 CEST: Read 1 configuration(s) from file '/gpfs/projects/shared/p_ariac_cetic/LearningForOptimizing/irace/defaults-ucb-r1.txt'
# 2025-07-11 11:48:39 CEST: Initialization
# Elitist race
# Elitist new instances: 1
# Elitist limit: 2
# nbIterations: 4
# minNbSurvival: 4
# nbParameters: 5
# seed: 1453334818
# confidence level: 0.95
# budget: 800
# mu: 5
# deterministic: FALSE

# 2025-07-11 11:48:39 CEST: Iteration 1 of 4
# experimentsUsed: 0
# remainingBudget: 800
# currentBudget: 200
# nbConfigurations: 33
# Markers:
     x No test is performed.
     c Configurations are discarded only due to capping.
     - The test is performed and some configurations are discarded.
     = The test is performed but no configuration is discarded.
     ! The test is performed and configurations could be discarded but elite configurations are preserved.
     . All alive configurations are elite and nothing is discarded.

+-+-----------+-----------+-----------+----------------+-----------+--------+-----+----+------+
| |   Instance|      Alive|       Best|       Mean best| Exp so far|  W time|  rho|KenW|  Qvar|
+-+-----------+-----------+-----------+----------------+-----------+--------+-----+----+------+
|x|          1|         33|          2|     1.038000000|         33|00:10:02|   NA|  NA|    NA|
|x|          2|         33|         11|     54.36350000|         66|00:10:01|-0.23|0.39|1.0413|
|x|          3|         33|         10|     71.34166667|         99|00:10:01|-0.16|0.22|1.0728|
|x|          4|         33|         33|     69.45450000|        132|00:10:53|-0.06|0.20|0.9951|
|=|          5|         33|         33|     87.53160000|        165|00:10:01|+0.02|0.21|0.8755|
|=|          6|         33|         33|     77.08133333|        198|00:10:01|+0.05|0.21|0.8825|
+-+-----------+-----------+-----------+----------------+-----------+--------+-----+----+------+
Best-so-far configuration:          33    mean value:      77.08133333
Description of the best-so-far configuration:
   .ID. bandit reward learningrate movefoundweight efficiencyweight slopeweight confidence .PARENT.
33   33    ucb     r1       0.8322          0.8804           0.7955      0.8217     4.3156       NA

# 2025-07-11 12:49:42 CEST: Elite configurations (first number is the configuration ID; listed from best to worst according to the sum of ranks):
   bandit reward learningrate movefoundweight efficiencyweight slopeweight confidence
33    ucb     r1       0.8322          0.8804           0.7955      0.8217     4.3156
10    ucb     r1       0.9259          0.2241           0.8267      0.3529     3.5656
11    ucb     r1       0.4259          0.7241           0.3267      0.8529     1.1656
31    ucb     r1       0.0822          0.6304           0.5455      0.5717     0.7156
# 2025-07-11 12:49:42 CEST: Iteration 2 of 4
# experimentsUsed: 198
# remainingBudget: 602
# currentBudget: 200
# nbConfigurations: 32
# Markers:
     x No test is performed.
     c Configurations are discarded only due to capping.
     - The test is performed and some configurations are discarded.
     = The test is performed but no configuration is discarded.
     ! The test is performed and configurations could be discarded but elite configurations are preserved.
     . All alive configurations are elite and nothing is discarded.

+-+-----------+-----------+-----------+----------------+-----------+--------+-----+----+------+
| |   Instance|      Alive|       Best|       Mean best| Exp so far|  W time|  rho|KenW|  Qvar|
+-+-----------+-----------+-----------+----------------+-----------+--------+-----+----+------+
|x|          7|         32|         34|     106.2270000|         32|00:05:02|   NA|  NA|    NA|
|x|          3|         32|         58|     104.6215000|         60|00:05:01|-0.09|0.46|1.1845|
|x|          2|         32|         38|     110.9213333|         88|00:05:02|-0.28|0.15|1.2569|
|x|          6|         32|         10|     90.40475000|        116|00:05:01|-0.12|0.16|1.1036|
|=|          4|         32|         39|     87.85980000|        144|00:05:28|-0.09|0.13|1.0500|
|=|          1|         32|         39|     73.34550000|        172|00:05:02|-0.05|0.12|1.0054|
|=|          5|         32|         39|     84.75871429|        200|00:05:02|-0.02|0.13|0.9781|
+-+-----------+-----------+-----------+----------------+-----------+--------+-----+----+------+
Best-so-far configuration:          39    mean value:      84.75871429
Description of the best-so-far configuration:
   .ID. bandit reward learningrate movefoundweight efficiencyweight slopeweight confidence .PARENT.
39   39    ucb     r1       0.4579          0.8037           0.7447      0.5902     0.3436       31

# 2025-07-11 13:25:24 CEST: Elite configurations (first number is the configuration ID; listed from best to worst according to the sum of ranks):
   bandit reward learningrate movefoundweight efficiencyweight slopeweight confidence
39    ucb     r1       0.4579          0.8037           0.7447      0.5902     0.3436
33    ucb     r1       0.8322          0.8804           0.7955      0.8217     4.3156
11    ucb     r1       0.4259          0.7241           0.3267      0.8529     1.1656
51    ucb     r1       0.1819          0.5934           0.6371      0.8025     0.8315
# 2025-07-11 13:25:24 CEST: Iteration 3 of 4
# experimentsUsed: 398
# remainingBudget: 402
# currentBudget: 201
# nbConfigurations: 28
# Markers:
     x No test is performed.
     c Configurations are discarded only due to capping.
     - The test is performed and some configurations are discarded.
     = The test is performed but no configuration is discarded.
     ! The test is performed and configurations could be discarded but elite configurations are preserved.
     . All alive configurations are elite and nothing is discarded.

+-+-----------+-----------+-----------+----------------+-----------+--------+-----+----+------+
| |   Instance|      Alive|       Best|       Mean best| Exp so far|  W time|  rho|KenW|  Qvar|
+-+-----------+-----------+-----------+----------------+-----------+--------+-----+----+------+
|x|          8|         28|         74|     254.2160000|         28|00:05:01|   NA|  NA|    NA|
|x|          7|         28|         62|     182.8475000|         52|00:05:01|-0.10|0.45|0.8991|
|x|          6|         28|         74|     135.2223333|         76|00:05:01|-0.01|0.33|0.9612|
|x|          3|         28|         77|     125.5325000|        100|00:05:01|-0.01|0.24|0.9836|
|=|          4|         28|         62|     111.9084000|        124|00:05:22|+0.08|0.27|0.8883|
|=|          1|         28|         63|     94.38800000|        148|00:05:02|+0.06|0.22|0.9290|
|-|          5|         17|         68|     102.5702857|        172|00:05:02|+0.09|0.22|0.8719|
|-|          2|         10|         74|     103.9431250|        185|00:05:01|-0.07|0.06|0.9584|
|=|          9|         10|         74|     105.7170000|        195|00:05:00|-0.03|0.08|0.9325|
+-+-----------+-----------+-----------+----------------+-----------+--------+-----+----+------+
Best-so-far configuration:          74    mean value:      105.7170000
Description of the best-so-far configuration:
   .ID. bandit reward learningrate movefoundweight efficiencyweight slopeweight confidence .PARENT.
74   74    ucb     r1       0.4126          0.6189           0.7325      0.5606     0.2974       39

# 2025-07-11 14:10:59 CEST: Elite configurations (first number is the configuration ID; listed from best to worst according to the sum of ranks):
   bandit reward learningrate movefoundweight efficiencyweight slopeweight confidence
74    ucb     r1       0.4126          0.6189           0.7325      0.5606     0.2974
62    ucb     r1       0.4084          0.8168           0.6279      0.4129     0.3743
70    ucb     r1       0.5222          0.8255           0.5336      0.8678     0.2502
39    ucb     r1       0.4579          0.8037           0.7447      0.5902     0.3436
# 2025-07-11 14:10:59 CEST: Iteration 4 of 4
# experimentsUsed: 593
# remainingBudget: 207
# currentBudget: 207
# nbConfigurations: 24
# Markers:
     x No test is performed.
     c Configurations are discarded only due to capping.
     - The test is performed and some configurations are discarded.
     = The test is performed but no configuration is discarded.
     ! The test is performed and configurations could be discarded but elite configurations are preserved.
     . All alive configurations are elite and nothing is discarded.

+-+-----------+-----------+-----------+----------------+-----------+--------+-----+----+------+
| |   Instance|      Alive|       Best|       Mean best| Exp so far|  W time|  rho|KenW|  Qvar|
+-+-----------+-----------+-----------+----------------+-----------+--------+-----+----+------+
|x|         10|         24|         70|     74.07500000|         24|00:05:02|   NA|  NA|    NA|
|x|          1|         24|         74|     38.46300000|         44|00:05:02|-0.36|0.32|1.2908|
|x|          4|         24|         95|     45.61966667|         64|00:05:18|-0.17|0.22|1.0924|
|x|          3|         24|         93|     58.86375000|         84|00:05:01|-0.21|0.09|1.1296|
|=|          8|         24|         92|     97.68680000|        104|00:05:01|-0.09|0.13|1.0636|
|=|          2|         24|         92|     98.34366667|        124|00:05:01|-0.03|0.14|1.0022|
|=|          5|         24|         74|     108.0537143|        144|00:05:01|-0.00|0.14|0.9678|
|=|          9|         24|         92|     107.8036250|        164|00:05:02|-0.02|0.11|0.9824|
|=|          6|         24|         74|     100.7372222|        184|00:05:01|-0.02|0.09|0.9815|
|=|          7|         24|         74|     102.7735000|        204|00:05:01|-0.03|0.07|0.9862|
+-+-----------+-----------+-----------+----------------+-----------+--------+-----+----+------+
Best-so-far configuration:          74    mean value:      102.7735000
Description of the best-so-far configuration:
   .ID. bandit reward learningrate movefoundweight efficiencyweight slopeweight confidence .PARENT.
74   74    ucb     r1       0.4126          0.6189           0.7325      0.5606     0.2974       39

# 2025-07-11 15:01:33 CEST: Elite configurations (first number is the configuration ID; listed from best to worst according to the sum of ranks):
   bandit reward learningrate movefoundweight efficiencyweight slopeweight confidence
74    ucb     r1       0.4126          0.6189           0.7325      0.5606     0.2974
96    ucb     r1       0.3817          0.9166           0.7434      0.5745     0.2618
94    ucb     r1       0.6150          0.8849           0.5315      0.9108     0.5170
92    ucb     r1       0.2595          0.7419           0.5557      0.4071     0.2265
# 2025-07-11 15:01:33 CEST: Stopped because there is not enough budget left to race more than the minimum (4).
# You may either increase the budget or set 'minNbSurvival' to a lower value.
# Iteration: 5
# nbIterations: 5
# experimentsUsed: 797
# timeUsed: 0
# remainingBudget: 3
# currentBudget: 3
# number of elites: 4
# nbConfigurations: 4
# Total CPU user time: 234690.7, CPU sys time: 8069.372, Wall-clock time: 11574.41
# 2025-07-11 15:01:33 CEST: Starting post-selection:
# Configurations selected: 74, 96, 94.
# Pending instances: 0, 0, 0.
# 2025-07-11 15:01:33 CEST: seed: 1453334818
# Configurations: 3
# Available experiments: 3
# minSurvival: 1
# Markers:
     x No test is performed.
     c Configurations are discarded only due to capping.
     - The test is performed and some configurations are discarded.
     = The test is performed but no configuration is discarded.
     ! The test is performed and configurations could be discarded but elite configurations are preserved.
     . All alive configurations are elite and nothing is discarded.

+-+-----------+-----------+-----------+----------------+-----------+--------+-----+----+------+
| |   Instance|      Alive|       Best|       Mean best| Exp so far|  W time|  rho|KenW|  Qvar|
+-+-----------+-----------+-----------+----------------+-----------+--------+-----+----+------+
|.|          9|          3|         94|     116.8750000|          0|00:00:00|   NA|  NA|    NA|
|.|          1|          3|         94|     59.26000000|          0|00:00:00|+0.50|0.75|0.8183|
|.|          8|          3|         94|     122.5833333|          0|00:00:00|-0.33|0.11|0.8666|
|.|          5|          3|         94|     129.8660000|          0|00:00:00|-0.33|0.00|0.8816|
|.|          3|          3|         94|     126.2128000|          0|00:00:00|-0.20|0.04|0.8082|
|.|          2|          3|         94|     122.8895000|          0|00:00:00|-0.10|0.08|0.7266|
|.|          7|          3|         94|     122.3607143|          0|00:00:00|-0.07|0.08|0.6849|
|.|          6|          3|         94|     110.3692500|          0|00:00:00|-0.02|0.11|0.6708|
|.|          4|          3|         94|     105.0130000|          0|00:00:00|-0.03|0.09|0.6534|
|.|         10|          3|         94|     102.1974000|          0|00:00:00|-0.08|0.03|0.7039|
|=|         11|          3|         96|     101.5621818|          3|00:05:00|-0.04|0.06|0.6772|
+-+-----------+-----------+-----------+----------------+-----------+--------+-----+----+------+
Best-so-far configuration:          96    mean value:      101.5621818
Description of the best-so-far configuration:
   .ID. bandit reward learningrate movefoundweight efficiencyweight slopeweight confidence .PARENT.
96   96    ucb     r1       0.3817          0.9166           0.7434      0.5745     0.2618       39

# 2025-07-11 15:06:34 CEST: Elite configurations (first number is the configuration ID; listed from best to worst according to the sum of ranks):
   bandit reward learningrate movefoundweight efficiencyweight slopeweight confidence
96    ucb     r1       0.3817          0.9166           0.7434      0.5745     0.2618
74    ucb     r1       0.4126          0.6189           0.7325      0.5606     0.2974
94    ucb     r1       0.6150          0.8849           0.5315      0.9108     0.5170
# Total CPU user time: 235620.8, CPU sys time: 8075.47, Wall-clock time: 11874.99
# Best configurations (first number is the configuration ID; listed from best to worst according to the sum of ranks):
   bandit reward learningrate movefoundweight efficiencyweight slopeweight confidence
96    ucb     r1       0.3817          0.9166           0.7434      0.5745     0.2618
74    ucb     r1       0.4126          0.6189           0.7325      0.5606     0.2974
94    ucb     r1       0.6150          0.8849           0.5315      0.9108     0.5170
# Best configurations as commandlines (first number is the configuration ID; listed from best to worst according to the sum of ranks):
96 --bandit ucb --reward r1 -lr 0.3817 -mfw 0.9166 -ew 0.7434 -sw 0.5745 -c 0.2618
74 --bandit ucb --reward r1 -lr 0.4126 -mfw 0.6189 -ew 0.7325 -sw 0.5606 -c 0.2974
94 --bandit ucb --reward r1 -lr 0.615 -mfw 0.8849 -ew 0.5315 -sw 0.9108 -c 0.517


# Testing of elite configurations: 1 
# Testing iteration configurations: FALSE 
# 2025-07-11 15:06:34 CEST: No test instances, skip testing

Resources Used

Total Memory used                        - MEM              : 139GiB
Total CPU Time                           - CPU_Time         : 4-09:35:28
Execution Time                           - Wall_Time        : 03:17:59
total programme cpu time                 - Total_CPU        : 2-19:41:52
Total_CPU / CPU_Time  (%)                - ETA              : 64%
Number of alloc CPU                      - NCPUS            : 32
Number of Mobilized Resources per Job    - NCPUS_EQUIV_PJOB : 86
Mobilized Resources x Execution Time     - R_Wall_Time      : 11-19:46:34
CPU_Time / R_Wall_Time (%)               - ALPHA            : 37%
Energy (Joules)                                             : unknown

