#------------------------------------------------------------------------------
# irace: An implementation in R of (Elitist) Iterated Racing
# Version: 4.2.0.b50b134
# Copyright (C) 2010-2025
# Manuel Lopez-Ibanez     <manuel.lopez-ibanez@manchester.ac.uk>
# Jeremie Dubois-Lacoste
# Leslie Perez Caceres    <leslie.perez.caceres@ulb.ac.be>
#
# This is free software, and you are welcome to redistribute it under certain
# conditions.  See the GNU General Public License for details. There is NO
# WARRANTY; not even for MERCHANTABILITY or FITNESS FOR A PARTICULAR PURPOSE.
#
# irace builds upon previous code from the race package:
#     race: Racing methods for the selection of the best
#     Copyright (C) 2003 Mauro Birattari
#------------------------------------------------------------------------------
# installed at: /gpfs/projects/shared/p_ariac_cetic/miniconda/envs/myr-env/lib/R/library/irace
# called with: --parallel 8 -s /gpfs/projects/shared/p_ariac_cetic/LearningForOptimizing/irace/scenario-pdptw-ucb-r2.txt --target-runner /gpfs/projects/shared/p_ariac_cetic/LearningForOptimizing/irace/target-runner-pdptw --train-instances-file /gpfs/projects/shared/p_ariac_cetic/LearningForOptimizing/examples/pdptw/trainingall.txt
# 2025-07-15 15:08:38 CEST: Reading parameter file '/gpfs/projects/shared/p_ariac_cetic/LearningForOptimizing/irace/parameters-ucb-r2.txt'.
# 2025-07-15 15:08:38 CEST: Read 1 configuration(s) from file '/gpfs/projects/shared/p_ariac_cetic/LearningForOptimizing/irace/defaults-ucb-r2.txt'
# 2025-07-15 15:08:38 CEST: Initialization
# Elitist race
# Elitist new instances: 1
# Elitist limit: 2
# nbIterations: 3
# minNbSurvival: 3
# nbParameters: 2
# seed: 565528449
# confidence level: 0.95
# budget: 200
# mu: 5
# deterministic: FALSE

# 2025-07-15 15:08:38 CEST: Iteration 1 of 3
# experimentsUsed: 0
# remainingBudget: 200
# currentBudget: 66
# nbConfigurations: 11
# Markers:
     x No test is performed.
     c Configurations are discarded only due to capping.
     - The test is performed and some configurations are discarded.
     = The test is performed but no configuration is discarded.
     ! The test is performed and configurations could be discarded but elite configurations are preserved.
     . All alive configurations are elite and nothing is discarded.

+-+-----------+-----------+-----------+----------------+-----------+--------+-----+----+------+
| |   Instance|      Alive|       Best|       Mean best| Exp so far|  W time|  rho|KenW|  Qvar|
+-+-----------+-----------+-----------+----------------+-----------+--------+-----+----+------+
|x|          1|         11|         11|     60.62700000|         11|00:10:04|   NA|  NA|    NA|
|x|          2|         11|          9|     61.98100000|         22|00:10:04|+0.16|0.58|0.6774|
|x|          3|         11|         10|     47.35666667|         33|00:10:05|+0.12|0.42|0.7062|
|x|          4|         11|         10|     35.92975000|         44|00:10:05|+0.25|0.44|0.6124|
|=|          5|         11|         10|     48.57500000|         55|00:10:03|+0.09|0.27|0.7956|
|=|          6|         11|          9|     58.76283333|         66|00:10:04|+0.08|0.24|0.8005|
+-+-----------+-----------+-----------+----------------+-----------+--------+-----+----+------+
Best-so-far configuration:           9    mean value:      58.76283333
Description of the best-so-far configuration:
  .ID. bandit reward learningrate confidence .PARENT.
9    9    ucb     r2       0.1172     2.7564       NA

# 2025-07-15 16:09:06 CEST: Elite configurations (first number is the configuration ID; listed from best to worst according to the sum of ranks):
   bandit reward learningrate confidence
9     ucb     r2       0.1172     2.7564
10    ucb     r2       0.6797     1.8564
11    ucb     r2       0.1797     4.2564
# 2025-07-15 16:09:06 CEST: Iteration 2 of 3
# experimentsUsed: 66
# remainingBudget: 134
# currentBudget: 67
# nbConfigurations: 12
# Markers:
     x No test is performed.
     c Configurations are discarded only due to capping.
     - The test is performed and some configurations are discarded.
     = The test is performed but no configuration is discarded.
     ! The test is performed and configurations could be discarded but elite configurations are preserved.
     . All alive configurations are elite and nothing is discarded.

+-+-----------+-----------+-----------+----------------+-----------+--------+-----+----+------+
| |   Instance|      Alive|       Best|       Mean best| Exp so far|  W time|  rho|KenW|  Qvar|
+-+-----------+-----------+-----------+----------------+-----------+--------+-----+----+------+
|x|          7|         12|         18|     78.11800000|         12|00:10:03|   NA|  NA|    NA|
|x|          3|         12|         17|     52.42450000|         21|00:10:03|-0.03|0.49|1.1138|
|x|          4|         12|         17|     36.39733333|         30|00:10:03|+0.03|0.35|0.9773|
|x|          5|         12|         17|     46.86225000|         39|00:10:02|-0.03|0.22|0.9628|
|=|          1|         12|          9|     54.96180000|         48|00:10:03|-0.03|0.18|0.9157|
|=|          6|         12|          9|     64.40350000|         57|00:10:04|+0.06|0.22|0.8312|
|=|          2|         12|         20|     62.46714286|         66|00:10:03|+0.10|0.23|0.7839|
+-+-----------+-----------+-----------+----------------+-----------+--------+-----+----+------+
Best-so-far configuration:          20    mean value:      62.46714286
Description of the best-so-far configuration:
   .ID. bandit reward learningrate confidence .PARENT.
20   20    ucb     r2       0.0563     3.4031        9

# 2025-07-15 17:19:31 CEST: Elite configurations (first number is the configuration ID; listed from best to worst according to the sum of ranks):
   bandit reward learningrate confidence
20    ucb     r2       0.0563     3.4031
9     ucb     r2       0.1172     2.7564
10    ucb     r2       0.6797     1.8564
# 2025-07-15 17:19:31 CEST: Iteration 3 of 3
# experimentsUsed: 132
# remainingBudget: 68
# currentBudget: 68
# nbConfigurations: 11
# Markers:
     x No test is performed.
     c Configurations are discarded only due to capping.
     - The test is performed and some configurations are discarded.
     = The test is performed but no configuration is discarded.
     ! The test is performed and configurations could be discarded but elite configurations are preserved.
     . All alive configurations are elite and nothing is discarded.

+-+-----------+-----------+-----------+----------------+-----------+--------+-----+----+------+
| |   Instance|      Alive|       Best|       Mean best| Exp so far|  W time|  rho|KenW|  Qvar|
+-+-----------+-----------+-----------+----------------+-----------+--------+-----+----+------+
|x|          8|         11|         20|     101.3780000|         11|00:10:03|   NA|  NA|    NA|
|x|          6|         11|         20|     109.9295000|         19|00:05:03|+0.07|0.54|0.8589|
|x|          4|         11|         20|     73.70300000|         27|00:05:03|+0.27|0.51|0.6378|
|x|          7|         11|         20|     77.01825000|         35|00:05:02|+0.28|0.46|0.6739|
|-|          2|          4|         20|     70.71120000|         43|00:05:02|+0.24|0.39|0.6572|
|=|          3|          4|         20|     62.73283333|         44|00:05:00|-0.04|0.13|0.8010|
|=|          5|          4|         20|     67.76242857|         45|00:05:00|-0.05|0.10|0.8197|
|=|          1|          4|         20|     67.33100000|         46|00:05:00|+0.02|0.14|0.7701|
|=|          9|          4|         20|     65.44100000|         50|00:05:01|+0.06|0.17|0.7493|
+-+-----------+-----------+-----------+----------------+-----------+--------+-----+----+------+
Best-so-far configuration:          20    mean value:      65.44100000
Description of the best-so-far configuration:
   .ID. bandit reward learningrate confidence .PARENT.
20   20    ucb     r2       0.0563     3.4031        9

# 2025-07-15 18:09:51 CEST: Elite configurations (first number is the configuration ID; listed from best to worst according to the sum of ranks):
   bandit reward learningrate confidence
20    ucb     r2       0.0563     3.4031
9     ucb     r2       0.1172     2.7564
10    ucb     r2       0.6797     1.8564
# 2025-07-15 18:09:51 CEST: Iteration 4 of 4
# experimentsUsed: 182
# remainingBudget: 18
# currentBudget: 18
# nbConfigurations: 4
# Markers:
     x No test is performed.
     c Configurations are discarded only due to capping.
     - The test is performed and some configurations are discarded.
     = The test is performed but no configuration is discarded.
     ! The test is performed and configurations could be discarded but elite configurations are preserved.
     . All alive configurations are elite and nothing is discarded.

+-+-----------+-----------+-----------+----------------+-----------+--------+-----+----+------+
| |   Instance|      Alive|       Best|       Mean best| Exp so far|  W time|  rho|KenW|  Qvar|
+-+-----------+-----------+-----------+----------------+-----------+--------+-----+----+------+
|x|         10|          4|          9|     198.7400000|          4|00:05:02|   NA|  NA|    NA|
|x|          1|          4|          9|     132.1885000|          5|00:05:00|-0.80|0.10|1.1073|
|x|          5|          4|          9|     119.5736667|          6|00:05:00|-0.13|0.24|0.6763|
|x|          4|          4|         29|     88.59000000|          7|00:05:00|+0.10|0.33|0.6179|
|=|          6|          4|         29|     91.42880000|          8|00:05:01|+0.28|0.42|0.4941|
|=|          9|          4|         29|     83.20183333|          9|00:05:00|+0.28|0.40|0.4830|
|!|          8|          4|         29|     86.76614286|         10|00:05:01|+0.31|0.41|0.4875|
|!|          3|          4|         29|     77.87225000|         11|00:05:00|+0.26|0.36|0.5162|
|!|          2|          4|         29|     75.46644444|         12|00:05:00|+0.26|0.34|0.5665|
|-|          7|          2|         29|     76.71800000|         13|00:05:00|-0.07|0.04|0.5333|
+-+-----------+-----------+-----------+----------------+-----------+--------+-----+----+------+
Best-so-far configuration:          29    mean value:      76.71800000
Description of the best-so-far configuration:
   .ID. bandit reward learningrate confidence .PARENT.
29   29    ucb     r2        0.048     3.3047       20

# 2025-07-15 19:00:02 CEST: Elite configurations (first number is the configuration ID; listed from best to worst according to the sum of ranks):
   bandit reward learningrate confidence
29    ucb     r2       0.0480     3.3047
20    ucb     r2       0.0563     3.4031
# 2025-07-15 19:00:02 CEST: Stopped because there is not enough budget left to race more than the minimum (3).
# You may either increase the budget or set 'minNbSurvival' to a lower value.
# Iteration: 5
# nbIterations: 5
# experimentsUsed: 195
# timeUsed: 0
# remainingBudget: 5
# currentBudget: 5
# number of elites: 2
# nbConfigurations: 2
# Total CPU user time: 59477.17, CPU sys time: 2226.537, Wall-clock time: 13884.27
# 2025-07-15 19:00:02 CEST: Starting post-selection:
# Configurations selected: 29, 20, 9, 10.
# Pending instances: 1, 1, 1, 1.
# 2025-07-15 19:00:03 CEST: seed: 565528449
# Configurations: 4
# Available experiments: 5
# minSurvival: 1
# Markers:
     x No test is performed.
     c Configurations are discarded only due to capping.
     - The test is performed and some configurations are discarded.
     = The test is performed but no configuration is discarded.
     ! The test is performed and configurations could be discarded but elite configurations are preserved.
     . All alive configurations are elite and nothing is discarded.

+-+-----------+-----------+-----------+----------------+-----------+--------+-----+----+------+
| |   Instance|      Alive|       Best|       Mean best| Exp so far|  W time|  rho|KenW|  Qvar|
+-+-----------+-----------+-----------+----------------+-----------+--------+-----+----+------+
|.|          7|          4|         20|     86.96400000|          0|00:00:00|   NA|  NA|    NA|
|.|          2|          4|         20|     66.22350000|          0|00:00:00|+0.80|0.90|0.2692|
|.|          1|          4|         20|     65.58600000|          0|00:00:00|+0.87|0.91|0.1891|
|.|          9|          4|         20|     61.76975000|          0|00:00:00|+0.77|0.82|0.3173|
|.|          4|          4|         20|     49.66580000|          0|00:00:00|+0.76|0.81|0.2468|
|.|          8|          4|         20|     58.28450000|          0|00:00:00|+0.79|0.82|0.2314|
|.|          5|          4|         20|     63.94957143|          0|00:00:00|+0.68|0.72|0.3038|
|.|          3|          4|         20|     58.81100000|          0|00:00:00|+0.49|0.56|0.4222|
|.|          6|          4|         20|     65.44100000|          0|00:00:00|+0.49|0.55|0.4206|
|.|         10|          4|         20|     79.86250000|          0|00:00:00|+0.29|0.36|0.5320|
|-|         11|          2|         29|     74.58318182|          4|00:05:01|-0.09|0.01|0.5455|
+-+-----------+-----------+-----------+----------------+-----------+--------+-----+----+------+
Best-so-far configuration:          29    mean value:      74.58318182
Description of the best-so-far configuration:
   .ID. bandit reward learningrate confidence .PARENT.
29   29    ucb     r2        0.048     3.3047       20

# 2025-07-15 19:05:04 CEST: Elite configurations (first number is the configuration ID; listed from best to worst according to the sum of ranks):
   bandit reward learningrate confidence
29    ucb     r2       0.0480     3.3047
20    ucb     r2       0.0563     3.4031
# Total CPU user time: 60740.66, CPU sys time: 2262.51, Wall-clock time: 14185.97
# Best configurations (first number is the configuration ID; listed from best to worst according to the sum of ranks):
   bandit reward learningrate confidence
29    ucb     r2       0.0480     3.3047
20    ucb     r2       0.0563     3.4031
# Best configurations as commandlines (first number is the configuration ID; listed from best to worst according to the sum of ranks):
29 --bandit ucb --reward r2 -lr 0.048 -c 3.3047
20 --bandit ucb --reward r2 -lr 0.0563 -c 3.4031


# Testing of elite configurations: 1 
# Testing iteration configurations: FALSE 
# 2025-07-15 19:05:04 CEST: No test instances, skip testing

Resources Used

Total Memory used                        - MEM              : 199GiB
Total CPU Time                           - CPU_Time         : 1-07:37:44
Execution Time                           - Wall_Time        : 03:57:13
total programme cpu time                 - Total_CPU        : 17:30:10
Total_CPU / CPU_Time  (%)                - ETA              : 55%
Number of alloc CPU                      - NCPUS            : 8
Number of Mobilized Resources per Job    - NCPUS_EQUIV_PJOB : 128
Mobilized Resources x Execution Time     - R_Wall_Time      : 21-02:03:44
CPU_Time / R_Wall_Time (%)               - ALPHA            : 6%
Energy (Joules)                                             : unknown

