#------------------------------------------------------------------------------
# irace: An implementation in R of (Elitist) Iterated Racing
# Version: 4.2.0.b50b134
# Copyright (C) 2010-2025
# Manuel Lopez-Ibanez     <manuel.lopez-ibanez@manchester.ac.uk>
# Jeremie Dubois-Lacoste
# Leslie Perez Caceres    <leslie.perez.caceres@ulb.ac.be>
#
# This is free software, and you are welcome to redistribute it under certain
# conditions.  See the GNU General Public License for details. There is NO
# WARRANTY; not even for MERCHANTABILITY or FITNESS FOR A PARTICULAR PURPOSE.
#
# irace builds upon previous code from the race package:
#     race: Racing methods for the selection of the best
#     Copyright (C) 2003 Mauro Birattari
#------------------------------------------------------------------------------
# installed at: /gpfs/projects/shared/p_ariac_cetic/miniconda/envs/myr-env/lib/R/library/irace
# called with: --parallel 32 -s /gpfs/projects/shared/p_ariac_cetic/LearningForOptimizing/irace/scenario-csp-epsilongreedy-r1.txt --target-runner /gpfs/projects/shared/p_ariac_cetic/LearningForOptimizing/irace/target-runner-csp --train-instances-file /gpfs/projects/shared/p_ariac_cetic/LearningForOptimizing/examples/csp/trainingall.txt
# 2025-07-11 11:54:58 CEST: Reading parameter file '/gpfs/projects/shared/p_ariac_cetic/LearningForOptimizing/irace/parameters-epsilongreedy-r1.txt'.
# 2025-07-11 11:54:59 CEST: Read 1 configuration(s) from file '/gpfs/projects/shared/p_ariac_cetic/LearningForOptimizing/irace/defaults-epsilongreedy-r1.txt'
# 2025-07-11 11:54:59 CEST: Initialization
# Elitist race
# Elitist new instances: 1
# Elitist limit: 2
# nbIterations: 4
# minNbSurvival: 4
# nbParameters: 5
# seed: 696418400
# confidence level: 0.95
# budget: 800
# mu: 5
# deterministic: FALSE

# 2025-07-11 11:54:59 CEST: Iteration 1 of 4
# experimentsUsed: 0
# remainingBudget: 800
# currentBudget: 200
# nbConfigurations: 33
# Markers:
     x No test is performed.
     c Configurations are discarded only due to capping.
     - The test is performed and some configurations are discarded.
     = The test is performed but no configuration is discarded.
     ! The test is performed and configurations could be discarded but elite configurations are preserved.
     . All alive configurations are elite and nothing is discarded.

+-+-----------+-----------+-----------+----------------+-----------+--------+-----+----+------+
| |   Instance|      Alive|       Best|       Mean best| Exp so far|  W time|  rho|KenW|  Qvar|
+-+-----------+-----------+-----------+----------------+-----------+--------+-----+----+------+
|x|          1|         33|         33|    0.7610000000|         33|00:05:02|   NA|  NA|    NA|
|x|          2|         33|         33|     150.3805000|         66|00:10:01|+0.00|0.50|0.4848|
|x|          3|         33|         33|     200.2536667|         99|00:10:01|+0.00|0.33|0.3232|
|x|          4|         33|         23|     151.6365000|        132|00:05:07|+0.01|0.26|0.4528|
|=|          5|         33|          1|     123.0844000|        165|00:05:04|+0.10|0.28|0.5050|
|=|          6|         33|          1|     152.5703333|        198|00:10:01|+0.08|0.23|0.4336|
+-+-----------+-----------+-----------+----------------+-----------+--------+-----+----+------+
Best-so-far configuration:           1    mean value:      152.5703333
Description of the best-so-far configuration:
  .ID.        bandit reward learningrate movefoundweight efficiencyweight slopeweight epsilon .PARENT.
1    1 epsilongreedy     r1          0.1             0.4              0.2         0.4     0.7       NA

# 2025-07-11 12:40:18 CEST: Elite configurations (first number is the configuration ID; listed from best to worst according to the sum of ranks):
          bandit reward learningrate movefoundweight efficiencyweight slopeweight epsilon
1  epsilongreedy     r1       0.1000          0.4000           0.2000      0.4000  0.7000
23 epsilongreedy     r1       0.2166          0.3340           0.4880      0.3130  0.4703
6  epsilongreedy     r1       0.1853          0.1778           0.0193      0.9692  0.1890
10 epsilongreedy     r1       0.3728          0.7403           0.2068      0.2817  0.8765
# 2025-07-11 12:40:18 CEST: Iteration 2 of 4
# experimentsUsed: 198
# remainingBudget: 602
# currentBudget: 200
# nbConfigurations: 32
# Markers:
     x No test is performed.
     c Configurations are discarded only due to capping.
     - The test is performed and some configurations are discarded.
     = The test is performed but no configuration is discarded.
     ! The test is performed and configurations could be discarded but elite configurations are preserved.
     . All alive configurations are elite and nothing is discarded.

+-+-----------+-----------+-----------+----------------+-----------+--------+-----+----+------+
| |   Instance|      Alive|       Best|       Mean best| Exp so far|  W time|  rho|KenW|  Qvar|
+-+-----------+-----------+-----------+----------------+-----------+--------+-----+----+------+
|x|          7|         32|          1|     300.0000000|         32|00:05:02|   NA|  NA|    NA|
|x|          6|         32|          1|     300.0000000|         60|00:05:01|+1.00|1.00|0.0000|
|x|          4|         32|         46|     201.0306667|         88|00:05:01|+0.00|0.33|0.3229|
|x|          2|         32|         46|     225.7730000|        116|00:05:01|+0.00|0.25|0.2422|
|=|          3|         32|         46|     240.6184000|        144|00:05:02|+0.00|0.20|0.1938|
|=|          1|         32|         57|     232.7680000|        172|00:05:01|+0.05|0.21|0.2915|
|=|          5|         32|         47|     174.0284286|        200|00:05:01|+0.07|0.21|0.3620|
+-+-----------+-----------+-----------+----------------+-----------+--------+-----+----+------+
Best-so-far configuration:          47    mean value:      174.0284286
Description of the best-so-far configuration:
   .ID.        bandit reward learningrate movefoundweight efficiencyweight slopeweight epsilon .PARENT.
47   47 epsilongreedy     r1       0.0531          0.7768           0.5682       0.267  0.9038        1

# 2025-07-11 13:15:31 CEST: Elite configurations (first number is the configuration ID; listed from best to worst according to the sum of ranks):
          bandit reward learningrate movefoundweight efficiencyweight slopeweight epsilon
47 epsilongreedy     r1       0.0531          0.7768           0.5682      0.2670  0.9038
46 epsilongreedy     r1       0.2180          0.3173           0.3913      0.8849  0.3244
6  epsilongreedy     r1       0.1853          0.1778           0.0193      0.9692  0.1890
1  epsilongreedy     r1       0.1000          0.4000           0.2000      0.4000  0.7000
# 2025-07-11 13:15:31 CEST: Iteration 3 of 4
# experimentsUsed: 398
# remainingBudget: 402
# currentBudget: 201
# nbConfigurations: 28
# Markers:
     x No test is performed.
     c Configurations are discarded only due to capping.
     - The test is performed and some configurations are discarded.
     = The test is performed but no configuration is discarded.
     ! The test is performed and configurations could be discarded but elite configurations are preserved.
     . All alive configurations are elite and nothing is discarded.

+-+-----------+-----------+-----------+----------------+-----------+--------+-----+----+------+
| |   Instance|      Alive|       Best|       Mean best| Exp so far|  W time|  rho|KenW|  Qvar|
+-+-----------+-----------+-----------+----------------+-----------+--------+-----+----+------+
|x|          8|         28|         47|     300.0000000|         28|00:05:01|   NA|  NA|    NA|
|x|          7|         28|         47|     300.0000000|         52|00:05:01|+1.00|1.00|0.0000|
|x|          2|         28|         47|     300.0000000|         76|00:05:01|+1.00|1.00|0.0000|
|x|          1|         28|         74|     225.2040000|        100|00:05:01|+0.00|0.25|0.2411|
|=|          6|         28|         74|     240.1632000|        124|00:05:01|+0.00|0.20|0.1929|
|=|          5|         28|         68|     200.4708333|        148|00:05:01|-0.03|0.14|0.3285|
|=|          3|         28|         68|     214.6892857|        172|00:05:01|-0.03|0.12|0.2806|
|=|          4|         28|         68|     188.5670000|        196|00:05:01|+0.01|0.13|0.3495|
+-+-----------+-----------+-----------+----------------+-----------+--------+-----+----+------+
Best-so-far configuration:          68    mean value:      188.5670000
Description of the best-so-far configuration:
   .ID.        bandit reward learningrate movefoundweight efficiencyweight slopeweight epsilon .PARENT.
68   68 epsilongreedy     r1       0.0479          0.7958           0.3777      0.4522  0.8495       47

# 2025-07-11 13:55:43 CEST: Elite configurations (first number is the configuration ID; listed from best to worst according to the sum of ranks):
          bandit reward learningrate movefoundweight efficiencyweight slopeweight epsilon
68 epsilongreedy     r1       0.0479          0.7958           0.3777      0.4522  0.8495
47 epsilongreedy     r1       0.0531          0.7768           0.5682      0.2670  0.9038
46 epsilongreedy     r1       0.2180          0.3173           0.3913      0.8849  0.3244
72 epsilongreedy     r1       0.0616          0.3720           0.3552      0.6892  0.4492
# 2025-07-11 13:55:43 CEST: Iteration 4 of 4
# experimentsUsed: 594
# remainingBudget: 206
# currentBudget: 206
# nbConfigurations: 26
# Markers:
     x No test is performed.
     c Configurations are discarded only due to capping.
     - The test is performed and some configurations are discarded.
     = The test is performed but no configuration is discarded.
     ! The test is performed and configurations could be discarded but elite configurations are preserved.
     . All alive configurations are elite and nothing is discarded.

+-+-----------+-----------+-----------+----------------+-----------+--------+-----+----+------+
| |   Instance|      Alive|       Best|       Mean best| Exp so far|  W time|  rho|KenW|  Qvar|
+-+-----------+-----------+-----------+----------------+-----------+--------+-----+----+------+
|x|          9|         26|         95|    0.9410000000|         26|00:05:01|   NA|  NA|    NA|
|x|          1|         26|         86|    0.8920000000|         48|00:05:01|+0.15|0.57|1.0462|
|x|          6|         26|         86|     100.5946667|         70|00:05:01|+0.07|0.38|0.6693|
|x|          5|         26|         86|     76.01700000|         92|00:05:00|+0.05|0.29|0.7409|
|=|          3|         26|         86|     120.8136000|        114|00:05:01|+0.04|0.23|0.5888|
|=|          7|         26|         86|     150.6780000|        136|00:05:01|+0.03|0.19|0.4887|
|=|          2|         26|         86|     172.0097143|        158|00:05:01|+0.03|0.16|0.4177|
|=|          8|         26|         86|     188.0085000|        180|00:05:01|+0.02|0.14|0.3648|
|=|          4|         26|         68|     167.7527778|        202|00:05:01|+0.03|0.14|0.4260|
+-+-----------+-----------+-----------+----------------+-----------+--------+-----+----+------+
Best-so-far configuration:          68    mean value:      167.7527778
Description of the best-so-far configuration:
   .ID.        bandit reward learningrate movefoundweight efficiencyweight slopeweight epsilon .PARENT.
68   68 epsilongreedy     r1       0.0479          0.7958           0.3777      0.4522  0.8495       47

# 2025-07-11 14:40:54 CEST: Elite configurations (first number is the configuration ID; listed from best to worst according to the sum of ranks):
          bandit reward learningrate movefoundweight efficiencyweight slopeweight epsilon
68 epsilongreedy     r1       0.0479          0.7958           0.3777      0.4522  0.8495
91 epsilongreedy     r1       0.0007          0.8188           0.2912      0.3242  0.7846
86 epsilongreedy     r1       0.0624          0.3232           0.3789      0.8551  0.3863
46 epsilongreedy     r1       0.2180          0.3173           0.3913      0.8849  0.3244
# 2025-07-11 14:40:54 CEST: Stopped because there is not enough budget left to race more than the minimum (4).
# You may either increase the budget or set 'minNbSurvival' to a lower value.
# Iteration: 5
# nbIterations: 5
# experimentsUsed: 796
# timeUsed: 0
# remainingBudget: 4
# currentBudget: 4
# number of elites: 4
# nbConfigurations: 4
# Total CPU user time: 185667, CPU sys time: 753.668, Wall-clock time: 9955.417
# 2025-07-11 14:40:54 CEST: Starting post-selection:
# Configurations selected: 68, 91, 86, 46.
# Pending instances: 0, 0, 0, 0.
# 2025-07-11 14:40:54 CEST: seed: 696418400
# Configurations: 4
# Available experiments: 4
# minSurvival: 1
# Markers:
     x No test is performed.
     c Configurations are discarded only due to capping.
     - The test is performed and some configurations are discarded.
     = The test is performed but no configuration is discarded.
     ! The test is performed and configurations could be discarded but elite configurations are preserved.
     . All alive configurations are elite and nothing is discarded.

+-+-----------+-----------+-----------+----------------+-----------+--------+-----+----+------+
| |   Instance|      Alive|       Best|       Mean best| Exp so far|  W time|  rho|KenW|  Qvar|
+-+-----------+-----------+-----------+----------------+-----------+--------+-----+----+------+
|.|          5|          4|         68|     1.700000000|          0|00:00:00|   NA|  NA|    NA|
|.|          9|          4|         68|     1.469500000|          0|00:00:00|-0.40|0.30|0.9959|
|.|          3|          4|         68|     100.9796667|          0|00:00:00|-0.20|0.20|0.5820|
|.|          8|          4|         68|     150.7347500|          0|00:00:00|-0.13|0.15|0.4160|
|.|          7|          4|         68|     180.5878000|          0|00:00:00|-0.10|0.12|0.3246|
|.|          1|          4|         68|     150.6773333|          0|00:00:00|+0.03|0.19|0.3546|
|.|          4|          4|         68|     129.9678571|          0|00:00:00|-0.10|0.06|0.4445|
|.|          6|          4|         68|     151.2218750|          0|00:00:00|-0.09|0.05|0.3869|
|.|          2|          4|         68|     167.7527778|          0|00:00:00|-0.07|0.04|0.3426|
|=|         10|          4|         68|     151.0806000|          4|00:05:00|-0.04|0.07|0.3562|
+-+-----------+-----------+-----------+----------------+-----------+--------+-----+----+------+
Best-so-far configuration:          68    mean value:      151.0806000
Description of the best-so-far configuration:
   .ID.        bandit reward learningrate movefoundweight efficiencyweight slopeweight epsilon .PARENT.
68   68 epsilongreedy     r1       0.0479          0.7958           0.3777      0.4522  0.8495       47

# 2025-07-11 14:45:55 CEST: Elite configurations (first number is the configuration ID; listed from best to worst according to the sum of ranks):
          bandit reward learningrate movefoundweight efficiencyweight slopeweight epsilon
68 epsilongreedy     r1       0.0479          0.7958           0.3777      0.4522  0.8495
86 epsilongreedy     r1       0.0624          0.3232           0.3789      0.8551  0.3863
91 epsilongreedy     r1       0.0007          0.8188           0.2912      0.3242  0.7846
46 epsilongreedy     r1       0.2180          0.3173           0.3913      0.8849  0.3244
# Total CPU user time: 185979.2, CPU sys time: 755.56, Wall-clock time: 10256
# Best configurations (first number is the configuration ID; listed from best to worst according to the sum of ranks):
          bandit reward learningrate movefoundweight efficiencyweight slopeweight epsilon
68 epsilongreedy     r1       0.0479          0.7958           0.3777      0.4522  0.8495
86 epsilongreedy     r1       0.0624          0.3232           0.3789      0.8551  0.3863
91 epsilongreedy     r1       0.0007          0.8188           0.2912      0.3242  0.7846
46 epsilongreedy     r1       0.2180          0.3173           0.3913      0.8849  0.3244
# Best configurations as commandlines (first number is the configuration ID; listed from best to worst according to the sum of ranks):
68 --bandit epsilongreedy --reward r1 -lr 0.0479 -mfw 0.7958 -ew 0.3777 -sw 0.4522 -e 0.8495
86 --bandit epsilongreedy --reward r1 -lr 0.0624 -mfw 0.3232 -ew 0.3789 -sw 0.8551 -e 0.3863
91 --bandit epsilongreedy --reward r1 -lr 0.0007 -mfw 0.8188 -ew 0.2912 -sw 0.3242 -e 0.7846
46 --bandit epsilongreedy --reward r1 -lr 0.218 -mfw 0.3173 -ew 0.3913 -sw 0.8849 -e 0.3244


# Testing of elite configurations: 1 
# Testing iteration configurations: FALSE 
# 2025-07-11 14:45:55 CEST: No test instances, skip testing

Resources Used

Total Memory used                        - MEM              : 45GiB
Total CPU Time                           - CPU_Time         : 3-20:27:44
Execution Time                           - Wall_Time        : 02:53:22
total programme cpu time                 - Total_CPU        : 2-03:53:08
Total_CPU / CPU_Time  (%)                - ETA              : 56%
Number of alloc CPU                      - NCPUS            : 32
Number of Mobilized Resources per Job    - NCPUS_EQUIV_PJOB : 86
Mobilized Resources x Execution Time     - R_Wall_Time      : 10-08:29:32
CPU_Time / R_Wall_Time (%)               - ALPHA            : 37%
Energy (Joules)                                             : unknown

