#------------------------------------------------------------------------------
# irace: An implementation in R of (Elitist) Iterated Racing
# Version: 4.2.0.b50b134
# Copyright (C) 2010-2025
# Manuel Lopez-Ibanez     <manuel.lopez-ibanez@manchester.ac.uk>
# Jeremie Dubois-Lacoste
# Leslie Perez Caceres    <leslie.perez.caceres@ulb.ac.be>
#
# This is free software, and you are welcome to redistribute it under certain
# conditions.  See the GNU General Public License for details. There is NO
# WARRANTY; not even for MERCHANTABILITY or FITNESS FOR A PARTICULAR PURPOSE.
#
# irace builds upon previous code from the race package:
#     race: Racing methods for the selection of the best
#     Copyright (C) 2003 Mauro Birattari
#------------------------------------------------------------------------------
# installed at: /gpfs/projects/shared/p_ariac_cetic/miniconda/envs/myr-env/lib/R/library/irace
# called with: --parallel 32 -s /gpfs/projects/shared/p_ariac_cetic/LearningForOptimizing/irace/scenario-tsp-epsilongreedy-r1.txt --target-runner /gpfs/projects/shared/p_ariac_cetic/LearningForOptimizing/irace/target-runner-tsp --train-instances-file /gpfs/projects/shared/p_ariac_cetic/LearningForOptimizing/examples/tsp/trainingall.txt
# 2025-07-11 11:48:17 CEST: Reading parameter file '/gpfs/projects/shared/p_ariac_cetic/LearningForOptimizing/irace/parameters-epsilongreedy-r1.txt'.
# 2025-07-11 11:48:17 CEST: Read 1 configuration(s) from file '/gpfs/projects/shared/p_ariac_cetic/LearningForOptimizing/irace/defaults-epsilongreedy-r1.txt'
# 2025-07-11 11:48:17 CEST: Initialization
# Elitist race
# Elitist new instances: 1
# Elitist limit: 2
# nbIterations: 4
# minNbSurvival: 4
# nbParameters: 5
# seed: 156758243
# confidence level: 0.95
# budget: 800
# mu: 5
# deterministic: FALSE

# 2025-07-11 11:48:17 CEST: Iteration 1 of 4
# experimentsUsed: 0
# remainingBudget: 800
# currentBudget: 200
# nbConfigurations: 33
# Markers:
     x No test is performed.
     c Configurations are discarded only due to capping.
     - The test is performed and some configurations are discarded.
     = The test is performed but no configuration is discarded.
     ! The test is performed and configurations could be discarded but elite configurations are preserved.
     . All alive configurations are elite and nothing is discarded.

+-+-----------+-----------+-----------+----------------+-----------+--------+-----+----+------+
| |   Instance|      Alive|       Best|       Mean best| Exp so far|  W time|  rho|KenW|  Qvar|
+-+-----------+-----------+-----------+----------------+-----------+--------+-----+----+------+
|x|          1|         33|         30|     243.0690000|         33|00:10:03|   NA|  NA|    NA|
|x|          2|         33|          8|     180.0080000|         66|00:10:02|-0.47|0.26|1.3614|
|x|          3|         33|         31|     133.2660000|         99|00:10:02|-0.12|0.26|1.0242|
|x|          4|         33|         32|     125.0887500|        132|00:10:02|-0.08|0.19|1.0356|
|=|          5|         33|          5|     111.5104000|        165|00:10:02|-0.06|0.15|0.9592|
|=|          6|         33|         32|     118.9730000|        198|00:10:01|+0.01|0.17|0.9512|
+-+-----------+-----------+-----------+----------------+-----------+--------+-----+----+------+
Best-so-far configuration:          32    mean value:      118.9730000
Description of the best-so-far configuration:
   .ID.        bandit reward learningrate movefoundweight efficiencyweight slopeweight epsilon .PARENT.
32   32 epsilongreedy     r1       0.3345          0.7288           0.2563       0.084  0.3223       NA

# 2025-07-11 12:48:31 CEST: Elite configurations (first number is the configuration ID; listed from best to worst according to the sum of ranks):
          bandit reward learningrate movefoundweight efficiencyweight slopeweight epsilon
32 epsilongreedy     r1       0.3345          0.7288           0.2563      0.0840  0.3223
5  epsilongreedy     r1       0.7408          0.8225           0.5376      0.5527  0.2911
8  epsilongreedy     r1       0.8658          0.6975           0.1626      0.4277  0.1661
17 epsilongreedy     r1       0.8033          0.2600           0.7251      0.2402  0.6036
# 2025-07-11 12:48:31 CEST: Iteration 2 of 4
# experimentsUsed: 198
# remainingBudget: 602
# currentBudget: 200
# nbConfigurations: 32
# Markers:
     x No test is performed.
     c Configurations are discarded only due to capping.
     - The test is performed and some configurations are discarded.
     = The test is performed but no configuration is discarded.
     ! The test is performed and configurations could be discarded but elite configurations are preserved.
     . All alive configurations are elite and nothing is discarded.

+-+-----------+-----------+-----------+----------------+-----------+--------+-----+----+------+
| |   Instance|      Alive|       Best|       Mean best| Exp so far|  W time|  rho|KenW|  Qvar|
+-+-----------+-----------+-----------+----------------+-----------+--------+-----+----+------+
|x|          7|         32|         41|     178.4020000|         32|00:05:01|   NA|  NA|    NA|
|x|          4|         32|         32|     146.9180000|         60|00:05:01|+0.22|0.61|0.8305|
|x|          5|         32|         59|     111.7846667|         88|00:05:01|+0.06|0.37|1.0336|
|x|          3|         32|         59|     91.06150000|        116|00:05:01|+0.08|0.31|0.9380|
|-|          6|         18|         59|     106.5258000|        144|00:05:02|-0.02|0.19|0.9673|
|=|          1|         18|         59|     131.3536667|        158|00:05:01|+0.04|0.20|0.9049|
|=|          2|         18|         34|     129.4741429|        172|00:05:00|-0.03|0.12|0.9716|
|=|          8|         18|         59|     123.2225000|        190|00:05:01|-0.03|0.10|0.9767|
+-+-----------+-----------+-----------+----------------+-----------+--------+-----+----+------+
Best-so-far configuration:          59    mean value:      123.2225000
Description of the best-so-far configuration:
   .ID.        bandit reward learningrate movefoundweight efficiencyweight slopeweight epsilon .PARENT.
59   59 epsilongreedy     r1       0.2644          0.4703           0.6992      0.0299  0.2192       32

# 2025-07-11 13:28:43 CEST: Elite configurations (first number is the configuration ID; listed from best to worst according to the sum of ranks):
          bandit reward learningrate movefoundweight efficiencyweight slopeweight epsilon
59 epsilongreedy     r1       0.2644          0.4703           0.6992      0.0299  0.2192
34 epsilongreedy     r1       0.4935          0.5454           0.1639      0.1584  0.3756
41 epsilongreedy     r1       0.3884          0.8067           0.1158      0.1338  0.1921
32 epsilongreedy     r1       0.3345          0.7288           0.2563      0.0840  0.3223
# 2025-07-11 13:28:43 CEST: Iteration 3 of 4
# experimentsUsed: 388
# remainingBudget: 412
# currentBudget: 206
# nbConfigurations: 26
# Markers:
     x No test is performed.
     c Configurations are discarded only due to capping.
     - The test is performed and some configurations are discarded.
     = The test is performed but no configuration is discarded.
     ! The test is performed and configurations could be discarded but elite configurations are preserved.
     . All alive configurations are elite and nothing is discarded.

+-+-----------+-----------+-----------+----------------+-----------+--------+-----+----+------+
| |   Instance|      Alive|       Best|       Mean best| Exp so far|  W time|  rho|KenW|  Qvar|
+-+-----------+-----------+-----------+----------------+-----------+--------+-----+----+------+
|x|          9|         26|         64|     76.53200000|         26|00:05:02|   NA|  NA|    NA|
|x|          6|         26|         66|     119.7695000|         48|00:05:01|+0.16|0.58|0.4931|
|x|          2|         26|         34|     116.3693333|         70|00:05:01|+0.06|0.37|0.8564|
|x|          1|         26|         34|     151.1292500|         92|00:05:01|+0.05|0.29|0.9246|
|=|          4|         26|         62|     143.7742000|        114|00:05:01|+0.09|0.27|0.8787|
|=|          5|         26|         80|     122.7666667|        136|00:05:01|+0.07|0.23|0.8998|
|-|          8|         16|         80|     118.2930000|        158|00:05:01|-0.07|0.08|1.0116|
|=|          3|         16|         80|     107.7831250|        170|00:05:00|-0.09|0.05|1.0203|
|=|          7|         16|         78|     117.1164444|        182|00:05:01|-0.07|0.05|1.0016|
|=|         10|         16|         78|     105.4410000|        198|00:05:02|-0.06|0.05|0.9909|
+-+-----------+-----------+-----------+----------------+-----------+--------+-----+----+------+
Best-so-far configuration:          78    mean value:      105.4410000
Description of the best-so-far configuration:
   .ID.        bandit reward learningrate movefoundweight efficiencyweight slopeweight epsilon .PARENT.
78   78 epsilongreedy     r1       0.4122          0.8189           0.0078      0.1035  0.1814       41

# 2025-07-11 14:18:59 CEST: Elite configurations (first number is the configuration ID; listed from best to worst according to the sum of ranks):
          bandit reward learningrate movefoundweight efficiencyweight slopeweight epsilon
78 epsilongreedy     r1       0.4122          0.8189           0.0078      0.1035  0.1814
81 epsilongreedy     r1       0.5738          0.5941           0.2641      0.0594  0.2872
62 epsilongreedy     r1       0.1409          0.5918           0.3395      0.0484  0.1061
80 epsilongreedy     r1       0.2245          0.4896           0.7805      0.0224  0.0736
# 2025-07-11 14:18:59 CEST: Iteration 4 of 4
# experimentsUsed: 586
# remainingBudget: 214
# currentBudget: 214
# nbConfigurations: 23
# Markers:
     x No test is performed.
     c Configurations are discarded only due to capping.
     - The test is performed and some configurations are discarded.
     = The test is performed but no configuration is discarded.
     ! The test is performed and configurations could be discarded but elite configurations are preserved.
     . All alive configurations are elite and nothing is discarded.

+-+-----------+-----------+-----------+----------------+-----------+--------+-----+----+------+
| |   Instance|      Alive|       Best|       Mean best| Exp so far|  W time|  rho|KenW|  Qvar|
+-+-----------+-----------+-----------+----------------+-----------+--------+-----+----+------+
|x|         11|         23|         92|     38.34200000|         23|00:05:01|   NA|  NA|    NA|
|x|          2|         23|         62|     80.64900000|         42|00:05:01|-0.51|0.25|1.3799|
|x|          6|         23|         92|     103.8410000|         61|00:05:01|-0.06|0.29|1.0168|
|x|         10|         23|         62|     81.88125000|         80|00:05:02|+0.00|0.25|0.8709|
|=|          1|         23|         62|     116.5480000|         99|00:05:01|+0.10|0.28|0.8993|
|=|          7|         23|         89|     126.2315000|        118|00:05:01|+0.08|0.23|0.8828|
|=|          4|         23|         89|     124.2492857|        137|00:05:01|+0.06|0.19|0.9170|
|=|          3|         23|         62|     113.3773750|        156|00:05:01|+0.06|0.17|0.9043|
|=|          8|         23|         62|     110.9876667|        175|00:05:01|+0.01|0.12|0.9391|
|=|          5|         23|         62|     104.2233000|        194|00:05:01|+0.00|0.10|0.9452|
|=|          9|         23|         62|     101.9987273|        213|00:05:01|-0.00|0.09|0.9527|
+-+-----------+-----------+-----------+----------------+-----------+--------+-----+----+------+
Best-so-far configuration:          62    mean value:      101.9987273
Description of the best-so-far configuration:
   .ID.        bandit reward learningrate movefoundweight efficiencyweight slopeweight epsilon .PARENT.
62   62 epsilongreedy     r1       0.1409          0.5918           0.3395      0.0484  0.1061       41

# 2025-07-11 15:14:16 CEST: Elite configurations (first number is the configuration ID; listed from best to worst according to the sum of ranks):
          bandit reward learningrate movefoundweight efficiencyweight slopeweight epsilon
62 epsilongreedy     r1       0.1409          0.5918           0.3395      0.0484  0.1061
89 epsilongreedy     r1       0.2272          0.5521           0.2533      0.0153  0.1169
80 epsilongreedy     r1       0.2245          0.4896           0.7805      0.0224  0.0736
81 epsilongreedy     r1       0.5738          0.5941           0.2641      0.0594  0.2872
# 2025-07-11 15:14:16 CEST: Stopped because there is not enough budget left to race more than the minimum (4).
# You may either increase the budget or set 'minNbSurvival' to a lower value.
# Iteration: 5
# nbIterations: 5
# experimentsUsed: 799
# timeUsed: 0
# remainingBudget: 1
# currentBudget: 1
# number of elites: 4
# nbConfigurations: 4
# Total CPU user time: 234467.8, CPU sys time: 6955.09, Wall-clock time: 12358.95
# Best configurations (first number is the configuration ID; listed from best to worst according to the sum of ranks):
          bandit reward learningrate movefoundweight efficiencyweight slopeweight epsilon
62 epsilongreedy     r1       0.1409          0.5918           0.3395      0.0484  0.1061
89 epsilongreedy     r1       0.2272          0.5521           0.2533      0.0153  0.1169
80 epsilongreedy     r1       0.2245          0.4896           0.7805      0.0224  0.0736
81 epsilongreedy     r1       0.5738          0.5941           0.2641      0.0594  0.2872
# Best configurations as commandlines (first number is the configuration ID; listed from best to worst according to the sum of ranks):
62 --bandit epsilongreedy --reward r1 -lr 0.1409 -mfw 0.5918 -ew 0.3395 -sw 0.0484 -e 0.1061
89 --bandit epsilongreedy --reward r1 -lr 0.2272 -mfw 0.5521 -ew 0.2533 -sw 0.0153 -e 0.1169
80 --bandit epsilongreedy --reward r1 -lr 0.2245 -mfw 0.4896 -ew 0.7805 -sw 0.0224 -e 0.0736
81 --bandit epsilongreedy --reward r1 -lr 0.5738 -mfw 0.5941 -ew 0.2641 -sw 0.0594 -e 0.2872


# Testing of elite configurations: 1 
# Testing iteration configurations: FALSE 
# 2025-07-11 15:14:16 CEST: No test instances, skip testing

Resources Used

Total Memory used                        - MEM              : 99GiB
Total CPU Time                           - CPU_Time         : 4-13:58:24
Execution Time                           - Wall_Time        : 03:26:12
total programme cpu time                 - Total_CPU        : 2-19:03:58
Total_CPU / CPU_Time  (%)                - ETA              : 60%
Number of alloc CPU                      - NCPUS            : 32
Number of Mobilized Resources per Job    - NCPUS_EQUIV_PJOB : 86
Mobilized Resources x Execution Time     - R_Wall_Time      : 12-07:33:12
CPU_Time / R_Wall_Time (%)               - ALPHA            : 37%
Energy (Joules)                                             : unknown

